main.c:154:5:main	8	static
main.c:264:6:SystemClock_Config	88	static
main.c:310:13:MX_I2C1_Init	8	static
main.c:344:13:MX_TIM4_Init	64	static
main.c:403:13:MX_TIM14_Init	40	static
main.c:449:13:MX_USART3_UART_Init	8	static
main.c:482:13:MX_GPIO_Init	40	static
main.c:530:6:startControlador	24	static
main.c:584:6:startMagnetometro	136	static
main.c:632:6:startServoMotor	32	static
main.c:691:6:startBluetooth	208	static
main.c:733:6:startMotorDC	216	static
main.c:784:6:HAL_TIM_PeriodElapsedCallback	16	static
main.c:801:6:Error_Handler	4	static,ignoring_inline_asm
