main.c:156:5:main	8	static
main.c:266:6:SystemClock_Config	88	static
main.c:312:13:MX_I2C1_Init	8	static
main.c:346:13:MX_TIM4_Init	64	static
main.c:405:13:MX_TIM14_Init	40	static
main.c:451:13:MX_USART3_UART_Init	8	static
main.c:484:13:MX_GPIO_Init	40	static
main.c:532:6:startControlador	24	static
main.c:586:6:startMagnetometro	112	static
main.c:626:6:startServoMotor	112	static
main.c:667:6:startBluetooth	144	static
main.c:701:6:startMotorDC	208	static
main.c:739:6:HAL_TIM_PeriodElapsedCallback	16	static
main.c:756:6:Error_Handler	4	static,ignoring_inline_asm
