Archive member included to satisfy reference by file (symbol)

/opt/st/stm32cubeide_1.6.1/plugins/com.st.stm32cube.ide.mcu.externaltools.gnu-tools-for-stm32.9-2020-q2-update.linux64_1.5.0.202011040924/tools/bin/../lib/gcc/arm-none-eabi/9.3.1/../../../../arm-none-eabi/lib/thumb/v7e-m+fp/hard/libc_nano.a(lib_a-errno.o)
                              Core/Src/syscalls.o (__errno)
/opt/st/stm32cubeide_1.6.1/plugins/com.st.stm32cube.ide.mcu.externaltools.gnu-tools-for-stm32.9-2020-q2-update.linux64_1.5.0.202011040924/tools/bin/../lib/gcc/arm-none-eabi/9.3.1/../../../../arm-none-eabi/lib/thumb/v7e-m+fp/hard/libc_nano.a(lib_a-exit.o)
                              /opt/st/stm32cubeide_1.6.1/plugins/com.st.stm32cube.ide.mcu.externaltools.gnu-tools-for-stm32.9-2020-q2-update.linux64_1.5.0.202011040924/tools/bin/../lib/gcc/arm-none-eabi/9.3.1/../../../../arm-none-eabi/lib/thumb/v7e-m+fp/hard/crt0.o (exit)
/opt/st/stm32cubeide_1.6.1/plugins/com.st.stm32cube.ide.mcu.externaltools.gnu-tools-for-stm32.9-2020-q2-update.linux64_1.5.0.202011040924/tools/bin/../lib/gcc/arm-none-eabi/9.3.1/../../../../arm-none-eabi/lib/thumb/v7e-m+fp/hard/libc_nano.a(lib_a-impure.o)
                              /opt/st/stm32cubeide_1.6.1/plugins/com.st.stm32cube.ide.mcu.externaltools.gnu-tools-for-stm32.9-2020-q2-update.linux64_1.5.0.202011040924/tools/bin/../lib/gcc/arm-none-eabi/9.3.1/../../../../arm-none-eabi/lib/thumb/v7e-m+fp/hard/libc_nano.a(lib_a-exit.o) (_global_impure_ptr)
/opt/st/stm32cubeide_1.6.1/plugins/com.st.stm32cube.ide.mcu.externaltools.gnu-tools-for-stm32.9-2020-q2-update.linux64_1.5.0.202011040924/tools/bin/../lib/gcc/arm-none-eabi/9.3.1/../../../../arm-none-eabi/lib/thumb/v7e-m+fp/hard/libc_nano.a(lib_a-init.o)
                              /opt/st/stm32cubeide_1.6.1/plugins/com.st.stm32cube.ide.mcu.externaltools.gnu-tools-for-stm32.9-2020-q2-update.linux64_1.5.0.202011040924/tools/bin/../lib/gcc/arm-none-eabi/9.3.1/../../../../arm-none-eabi/lib/thumb/v7e-m+fp/hard/crt0.o (__libc_init_array)
/opt/st/stm32cubeide_1.6.1/plugins/com.st.stm32cube.ide.mcu.externaltools.gnu-tools-for-stm32.9-2020-q2-update.linux64_1.5.0.202011040924/tools/bin/../lib/gcc/arm-none-eabi/9.3.1/../../../../arm-none-eabi/lib/thumb/v7e-m+fp/hard/libc_nano.a(lib_a-malloc.o)
                              Core/Src/bluetooth.o (free)
/opt/st/stm32cubeide_1.6.1/plugins/com.st.stm32cube.ide.mcu.externaltools.gnu-tools-for-stm32.9-2020-q2-update.linux64_1.5.0.202011040924/tools/bin/../lib/gcc/arm-none-eabi/9.3.1/../../../../arm-none-eabi/lib/thumb/v7e-m+fp/hard/libc_nano.a(lib_a-memcpy-stub.o)
                              Core/Src/L293D.o (memcpy)
/opt/st/stm32cubeide_1.6.1/plugins/com.st.stm32cube.ide.mcu.externaltools.gnu-tools-for-stm32.9-2020-q2-update.linux64_1.5.0.202011040924/tools/bin/../lib/gcc/arm-none-eabi/9.3.1/../../../../arm-none-eabi/lib/thumb/v7e-m+fp/hard/libc_nano.a(lib_a-memset.o)
                              /opt/st/stm32cubeide_1.6.1/plugins/com.st.stm32cube.ide.mcu.externaltools.gnu-tools-for-stm32.9-2020-q2-update.linux64_1.5.0.202011040924/tools/bin/../lib/gcc/arm-none-eabi/9.3.1/../../../../arm-none-eabi/lib/thumb/v7e-m+fp/hard/crt0.o (memset)
/opt/st/stm32cubeide_1.6.1/plugins/com.st.stm32cube.ide.mcu.externaltools.gnu-tools-for-stm32.9-2020-q2-update.linux64_1.5.0.202011040924/tools/bin/../lib/gcc/arm-none-eabi/9.3.1/../../../../arm-none-eabi/lib/thumb/v7e-m+fp/hard/libc_nano.a(lib_a-nano-freer.o)
                              /opt/st/stm32cubeide_1.6.1/plugins/com.st.stm32cube.ide.mcu.externaltools.gnu-tools-for-stm32.9-2020-q2-update.linux64_1.5.0.202011040924/tools/bin/../lib/gcc/arm-none-eabi/9.3.1/../../../../arm-none-eabi/lib/thumb/v7e-m+fp/hard/libc_nano.a(lib_a-malloc.o) (_free_r)
/opt/st/stm32cubeide_1.6.1/plugins/com.st.stm32cube.ide.mcu.externaltools.gnu-tools-for-stm32.9-2020-q2-update.linux64_1.5.0.202011040924/tools/bin/../lib/gcc/arm-none-eabi/9.3.1/../../../../arm-none-eabi/lib/thumb/v7e-m+fp/hard/libc_nano.a(lib_a-nano-mallocr.o)
                              /opt/st/stm32cubeide_1.6.1/plugins/com.st.stm32cube.ide.mcu.externaltools.gnu-tools-for-stm32.9-2020-q2-update.linux64_1.5.0.202011040924/tools/bin/../lib/gcc/arm-none-eabi/9.3.1/../../../../arm-none-eabi/lib/thumb/v7e-m+fp/hard/libc_nano.a(lib_a-malloc.o) (_malloc_r)
/opt/st/stm32cubeide_1.6.1/plugins/com.st.stm32cube.ide.mcu.externaltools.gnu-tools-for-stm32.9-2020-q2-update.linux64_1.5.0.202011040924/tools/bin/../lib/gcc/arm-none-eabi/9.3.1/../../../../arm-none-eabi/lib/thumb/v7e-m+fp/hard/libc_nano.a(lib_a-printf.o)
                              Core/Src/bluetooth.o (printf)
/opt/st/stm32cubeide_1.6.1/plugins/com.st.stm32cube.ide.mcu.externaltools.gnu-tools-for-stm32.9-2020-q2-update.linux64_1.5.0.202011040924/tools/bin/../lib/gcc/arm-none-eabi/9.3.1/../../../../arm-none-eabi/lib/thumb/v7e-m+fp/hard/libc_nano.a(lib_a-puts.o)
                              Core/Src/bluetooth.o (puts)
[...]
Memory Configuration

Name             Origin             Length             Attributes
RAM              0x0000000020000000 0x0000000000020000 xrw
FLASH            0x0000000008000000 0x0000000000080000 xr
*default*        0x0000000000000000 0xffffffffffffffff

Linker script and memory map

LOAD /opt/st/stm32cubeide_1.6.1/plugins/com.st.stm32cube.ide.mcu.externaltools.gnu-tools-for-stm32.9-2020-q2-update.linux64_1.5.0.202011040924/tools/bin/../lib/gcc/arm-none-eabi/9.3.1/thumb/v7e-m+fp/hard/crti.o
LOAD /opt/st/stm32cubeide_1.6.1/plugins/com.st.stm32cube.ide.mcu.externaltools.gnu-tools-for-stm32.9-2020-q2-update.linux64_1.5.0.202011040924/tools/bin/../lib/gcc/arm-none-eabi/9.3.1/thumb/v7e-m+fp/hard/crtbegin.o
LOAD /opt/st/stm32cubeide_1.6.1/plugins/com.st.stm32cube.ide.mcu.externaltools.gnu-tools-for-stm32.9-2020-q2-update.linux64_1.5.0.202011040924/tools/bin/../lib/gcc/arm-none-eabi/9.3.1/../../../../arm-none-eabi/lib/thumb/v7e-m+fp/hard/crt0.o
LOAD Core/Src/L293D.o
LOAD Core/Src/MAGNETOMETRO.o
LOAD Core/Src/SERVOMOTOR.o
LOAD Core/Src/bluetooth.o
LOAD Core/Src/freertos.o
LOAD Core/Src/main.o
LOAD Core/Src/stm32f4xx_hal_msp.o
LOAD Core/Src/stm32f4xx_hal_timebase_tim.o
LOAD Core/Src/stm32f4xx_it.o
LOAD Core/Src/syscalls.o
LOAD Core/Src/sysmem.o
LOAD Core/Src/system_stm32f4xx.o
LOAD Core/Startup/startup_stm32f446retx.o
LOAD Drivers/STM32F4xx_HAL_Driver/Src/stm32f4xx_hal.o
LOAD Drivers/STM32F4xx_HAL_Driver/Src/stm32f4xx_hal_cortex.o
LOAD Drivers/STM32F4xx_HAL_Driver/Src/stm32f4xx_hal_dma.o
LOAD Drivers/STM32F4xx_HAL_Driver/Src/stm32f4xx_hal_dma_ex.o
LOAD Drivers/STM32F4xx_HAL_Driver/Src/stm32f4xx_hal_exti.o
LOAD Drivers/STM32F4xx_HAL_Driver/Src/stm32f4xx_hal_flash.o
LOAD Drivers/STM32F4xx_HAL_Driver/Src/stm32f4xx_hal_flash_ex.o
LOAD Drivers/STM32F4xx_HAL_Driver/Src/stm32f4xx_hal_flash_ramfunc.o
LOAD Drivers/STM32F4xx_HAL_Driver/Src/stm32f4xx_hal_gpio.o
LOAD Drivers/STM32F4xx_HAL_Driver/Src/stm32f4xx_hal_i2c.o
LOAD Drivers/STM32F4xx_HAL_Driver/Src/stm32f4xx_hal_i2c_ex.o
LOAD Drivers/STM32F4xx_HAL_Driver/Src/stm32f4xx_hal_pwr.o
LOAD Drivers/STM32F4xx_HAL_Driver/Src/stm32f4xx_hal_pwr_ex.o
LOAD Drivers/STM32F4xx_HAL_Driver/Src/stm32f4xx_hal_rcc.o
LOAD Drivers/STM32F4xx_HAL_Driver/Src/stm32f4xx_hal_rcc_ex.o
LOAD Drivers/STM32F4xx_HAL_Driver/Src/stm32f4xx_hal_tim.o
LOAD Drivers/STM32F4xx_HAL_Driver/Src/stm32f4xx_hal_tim_ex.o
LOAD Drivers/STM32F4xx_HAL_Driver/Src/stm32f4xx_hal_uart.o
LOAD Middlewares/Third_Party/FreeRTOS/Source/CMSIS_RTOS_V2/cmsis_os2.o
LOAD Middlewares/Third_Party/FreeRTOS/Source/croutine.o
LOAD Middlewares/Third_Party/FreeRTOS/Source/event_groups.o
LOAD Middlewares/Third_Party/FreeRTOS/Source/list.o
LOAD Middlewares/Third_Party/FreeRTOS/Source/queue.o
LOAD Middlewares/Third_Party/FreeRTOS/Source/stream_buffer.o
LOAD Middlewares/Third_Party/FreeRTOS/Source/tasks.o
LOAD Middlewares/Third_Party/FreeRTOS/Source/timers.o
LOAD Middlewares/Third_Party/FreeRTOS/Source/portable/GCC/ARM_CM4F/port.o
LOAD Middlewares/Third_Party/FreeRTOS/Source/portable/MemMang/heap_4.o
START GROUP
LOAD /opt/st/stm32cubeide_1.6.1/plugins/com.st.stm32cube.ide.mcu.externaltools.gnu-tools-for-stm32.9-2020-q2-update.linux64_1.5.0.202011040924/tools/bin/../lib/gcc/arm-none-eabi/9.3.1/../../../../arm-none-eabi/lib/thumb/v7e-m+fp/hard/libc_nano.a
LOAD /opt/st/stm32cubeide_1.6.1/plugins/com.st.stm32cube.ide.mcu.externaltools.gnu-tools-for-stm32.9-2020-q2-update.linux64_1.5.0.202011040924/tools/bin/../lib/gcc/arm-none-eabi/9.3.1/../../../../arm-none-eabi/lib/thumb/v7e-m+fp/hard/libm.a
END GROUP
START GROUP
LOAD /opt/st/stm32cubeide_1.6.1/plugins/com.st.stm32cube.ide.mcu.externaltools.gnu-tools-for-stm32.9-2020-q2-update.linux64_1.5.0.202011040924/tools/bin/../lib/gcc/arm-none-eabi/9.3.1/thumb/v7e-m+fp/hard/libgcc.a
LOAD /opt/st/stm32cubeide_1.6.1/plugins/com.st.stm32cube.ide.mcu.externaltools.gnu-tools-for-stm32.9-2020-q2-update.linux64_1.5.0.202011040924/tools/bin/../lib/gcc/arm-none-eabi/9.3.1/../../../../arm-none-eabi/lib/thumb/v7e-m+fp/hard/libc_nano.a
END GROUP
START GROUP
LOAD /opt/st/stm32cubeide_1.6.1/plugins/com.st.stm32cube.ide.mcu.externaltools.gnu-tools-for-stm32.9-2020-q2-update.linux64_1.5.0.202011040924/tools/bin/../lib/gcc/arm-none-eabi/9.3.1/thumb/v7e-m+fp/hard/libgcc.a
LOAD /opt/st/stm32cubeide_1.6.1/plugins/com.st.stm32cube.ide.mcu.externaltools.gnu-tools-for-stm32.9-2020-q2-update.linux64_1.5.0.202011040924/tools/bin/../lib/gcc/arm-none-eabi/9.3.1/../../../../arm-none-eabi/lib/thumb/v7e-m+fp/hard/libc_nano.a
LOAD /opt/st/stm32cubeide_1.6.1/plugins/com.st.stm32cube.ide.mcu.externaltools.gnu-tools-for-stm32.9-2020-q2-update.linux64_1.5.0.202011040924/tools/bin/../lib/gcc/arm-none-eabi/9.3.1/../../../../arm-none-eabi/lib/thumb/v7e-m+fp/hard/libnosys.a
END GROUP
START GROUP
LOAD /opt/st/stm32cubeide_1.6.1/plugins/com.st.stm32cube.ide.mcu.externaltools.gnu-tools-for-stm32.9-2020-q2-update.linux64_1.5.0.202011040924/tools/bin/../lib/gcc/arm-none-eabi/9.3.1/thumb/v7e-m+fp/hard/libgcc.a
LOAD /opt/st/stm32cubeide_1.6.1/plugins/com.st.stm32cube.ide.mcu.externaltools.gnu-tools-for-stm32.9-2020-q2-update.linux64_1.5.0.202011040924/tools/bin/../lib/gcc/arm-none-eabi/9.3.1/../../../../arm-none-eabi/lib/thumb/v7e-m+fp/hard/libc_nano.a
LOAD /opt/st/stm32cubeide_1.6.1/plugins/com.st.stm32cube.ide.mcu.externaltools.gnu-tools-for-stm32.9-2020-q2-update.linux64_1.5.0.202011040924/tools/bin/../lib/gcc/arm-none-eabi/9.3.1/../../../../arm-none-eabi/lib/thumb/v7e-m+fp/hard/libnosys.a
END GROUP
LOAD /opt/st/stm32cubeide_1.6.1/plugins/com.st.stm32cube.ide.mcu.externaltools.gnu-tools-for-stm32.9-2020-q2-update.linux64_1.5.0.202011040924/tools/bin/../lib/gcc/arm-none-eabi/9.3.1/thumb/v7e-m+fp/hard/crtend.o
LOAD /opt/st/stm32cubeide_1.6.1/plugins/com.st.stm32cube.ide.mcu.externaltools.gnu-tools-for-stm32.9-2020-q2-update.linux64_1.5.0.202011040924/tools/bin/../lib/gcc/arm-none-eabi/9.3.1/thumb/v7e-m+fp/hard/crtn.o
                0x0000000020020000                _estack = (ORIGIN (RAM) + LENGTH (RAM))
                0x0000000000000200                _Min_Heap_Size = 0x200
                0x0000000000000400                _Min_Stack_Size = 0x400

.isr_vector     0x0000000008000000      0x1c4
                0x0000000008000000                . = ALIGN (0x4)
 *(.isr_vector)
 .isr_vector    0x0000000008000000      0x1c4 Core/Startup/startup_stm32f446retx.o
                0x0000000008000000                g_pfnVectors
                0x00000000080001c4                . = ALIGN (0x4)

.text           0x00000000080001d0     0x99e4
                0x00000000080001d0                . = ALIGN (0x4)
 *(.text)
 .text          0x00000000080001d0       0x40 /opt/st/stm32cubeide_1.6.1/plugins/com.st.stm32cube.ide.mcu.externaltools.gnu-tools-for-stm32.9-2020-q2-update.linux64_1.5.0.202011040924/tools/bin/../lib/gcc/arm-none-eabi/9.3.1/thumb/v7e-m+fp/hard/crtbegin.o
 .text          0x0000000008000210       0xa0 /opt/st/stm32cubeide_1.6.1/plugins/com.st.stm32cube.ide.mcu.externaltools.gnu-tools-for-stm32.9-2020-q2-update.linux64_1.5.0.202011040924/tools/bin/../lib/gcc/arm-none-eabi/9.3.1/../../../../arm-none-eabi/lib/thumb/v7e-m+fp/hard/libc_nano.a(lib_a-memchr.o)
                0x0000000008000210                memchr
 .text          0x00000000080002b0      0x378 /opt/st/stm32cubeide_1.6.1/plugins/com.st.stm32cube.ide.mcu.externaltools.gnu-tools-for-stm32.9-2020-q2-update.linux64_1.5.0.202011040924/tools/bin/../lib/gcc/arm-none-eabi/9.3.1/thumb/v7e-m+fp/hard/libgcc.a(_arm_addsubdf3.o)
                0x00000000080002b0                __aeabi_drsub
                0x00000000080002b8                __aeabi_dsub
                0x00000000080002b8                __subdf3
                0x00000000080002bc                __adddf3
                0x00000000080002bc                __aeabi_dadd
                0x0000000008000534                __aeabi_ui2d
                0x0000000008000534                __floatunsidf
                0x0000000008000554                __floatsidf
                0x0000000008000554                __aeabi_i2d
                0x0000000008000578                __extendsfdf2
                0x0000000008000578                __aeabi_f2d
                0x00000000080005bc                __aeabi_ul2d
                0x00000000080005bc                __floatundidf
                0x00000000080005cc                __floatdidf
                0x00000000080005cc                __aeabi_l2d
 .text          0x0000000008000628      0x424 /opt/st/stm32cubeide_1.6.1/plugins/com.st.stm32cube.ide.mcu.externaltools.gnu-tools-for-stm32.9-2020-q2-update.linux64_1.5.0.202011040924/tools/bin/../lib/gcc/arm-none-eabi/9.3.1/thumb/v7e-m+fp/hard/libgcc.a(_arm_muldivdf3.o)
                0x0000000008000628                __aeabi_dmul
                0x0000000008000628                __muldf3
                0x000000000800087c                __aeabi_ddiv
                0x000000000800087c                __divdf3
 .text          0x0000000008000a4c      0x110 /opt/st/stm32cubeide_1.6.1/plugins/com.st.stm32cube.ide.mcu.externaltools.gnu-tools-for-stm32.9-2020-q2-update.linux64_1.5.0.202011040924/tools/bin/../lib/gcc/arm-none-eabi/9.3.1/thumb/v7e-m+fp/hard/libgcc.a(_arm_cmpdf2.o)
                0x0000000008000a4c                __gtdf2
                0x0000000008000a4c                __gedf2
                0x0000000008000a54                __ltdf2
                0x0000000008000a54                __ledf2
                0x0000000008000a5c                __cmpdf2
                0x0000000008000a5c                __eqdf2
                0x0000000008000a5c                __nedf2
                0x0000000008000ad8                __aeabi_cdrcmple
                0x0000000008000ae8                __aeabi_cdcmple
                0x0000000008000ae8                __aeabi_cdcmpeq
                0x0000000008000af8                __aeabi_dcmpeq
                0x0000000008000b0c                __aeabi_dcmplt
                0x0000000008000b20                __aeabi_dcmple
                0x0000000008000b34                __aeabi_dcmpge
                0x0000000008000b48                __aeabi_dcmpgt
 .text          0x0000000008000b5c       0x40 /opt/st/stm32cubeide_1.6.1/plugins/com.st.stm32cube.ide.mcu.externaltools.gnu-tools-for-stm32.9-2020-q2-update.linux64_1.5.0.202011040924/tools/bin/../lib/gcc/arm-none-eabi/9.3.1/thumb/v7e-m+fp/hard/libgcc.a(_arm_fixunsdfsi.o)
                0x0000000008000b5c                __fixunsdfsi
                0x0000000008000b5c                __aeabi_d2uiz
 .text          0x0000000008000b9c       0xa0 /opt/st/stm32cubeide_1.6.1/plugins/com.st.stm32cube.ide.mcu.externaltools.gnu-tools-for-stm32.9-2020-q2-update.linux64_1.5.0.202011040924/tools/bin/../lib/gcc/arm-none-eabi/9.3.1/thumb/v7e-m+fp/hard/libgcc.a(_arm_truncdfsf2.o)
                0x0000000008000b9c                __aeabi_d2f
                0x0000000008000b9c                __truncdfsf2
 .text          0x0000000008000c3c       0x30 /opt/st/stm32cubeide_1.6.1/plugins/com.st.stm32cube.ide.mcu.externaltools.gnu-tools-for-stm32.9-2020-q2-update.linux64_1.5.0.202011040924/tools/bin/../lib/gcc/arm-none-eabi/9.3.1/thumb/v7e-m+fp/hard/libgcc.a(_aeabi_uldivmod.o)
                0x0000000008000c3c                __aeabi_uldivmod
 .text          0x0000000008000c6c      0x2c4 /opt/st/stm32cubeide_1.6.1/plugins/com.st.stm32cube.ide.mcu.externaltools.gnu-tools-for-stm32.9-2020-q2-update.linux64_1.5.0.202011040924/tools/bin/../lib/gcc/arm-none-eabi/9.3.1/thumb/v7e-m+fp/hard/libgcc.a(_udivmoddi4.o)
                0x0000000008000c6c                __udivmoddi4
 .text          0x0000000008000f30        0x4 /opt/st/stm32cubeide_1.6.1/plugins/com.st.stm32cube.ide.mcu.externaltools.gnu-tools-for-stm32.9-2020-q2-update.linux64_1.5.0.202011040924/tools/bin/../lib/gcc/arm-none-eabi/9.3.1/thumb/v7e-m+fp/hard/libgcc.a(_dvmd_tls.o)
                0x0000000008000f30                __aeabi_ldiv0
                0x0000000008000f30                __aeabi_idiv0
 *(.text*)
 .text.configMotor
                0x0000000008000f34       0x3c Core/Src/L293D.o
                0x0000000008000f34                configMotor
 .text.configHC595
                0x0000000008000f70       0x4c Core/Src/L293D.o
                0x0000000008000f70                configHC595
 .text.changeMotorSpeed
                0x0000000008000fbc       0xf0 Core/Src/L293D.o
                0x0000000008000fbc                changeMotorSpeed
 *fill*         0x00000000080010ac        0x4 
 .text.getAngulo
                0x00000000080010b0      0x16c Core/Src/MAGNETOMETRO.o
                0x00000000080010b0                getAngulo
 .text.configuraMagnetometro
                0x000000000800121c       0x70 Core/Src/MAGNETOMETRO.o
                0x000000000800121c                configuraMagnetometro
 .text.setServoAngle
                0x000000000800128c      0x1cc Core/Src/SERVOMOTOR.o
                0x000000000800128c                setServoAngle
 .text.setPWMAngulo
                0x0000000008001458       0x58 Core/Src/SERVOMOTOR.o
                0x0000000008001458                setPWMAngulo
 .text.main     0x00000000080014b0      0x128 Core/Src/main.o
                0x00000000080014b0                main
 .text.SystemClock_Config
                0x00000000080015d8       0xd8 Core/Src/main.o
                0x00000000080015d8                SystemClock_Config
 .text.MX_I2C1_Init
                0x00000000080016b0       0x5c Core/Src/main.o
 .text.MX_TIM4_Init
                0x000000000800170c       0xf0 Core/Src/main.o
 .text.MX_TIM14_Init
                0x00000000080017fc       0x9c Core/Src/main.o
 .text.MX_USART3_UART_Init
                0x0000000008001898       0x54 Core/Src/main.o
 .text.MX_GPIO_Init
                0x00000000080018ec       0xf0 Core/Src/main.o
 .text.startControlador
                0x00000000080019dc       0x84 Core/Src/main.o
                0x00000000080019dc                startControlador
 .text.startMagnetometro
                0x0000000008001a60      0x10c Core/Src/main.o
                0x0000000008001a60                startMagnetometro
 .text.startServoMotor
                0x0000000008001b6c       0x94 Core/Src/main.o
                0x0000000008001b6c                startServoMotor
 .text.startBluetooth
                0x0000000008001c00       0x7c Core/Src/main.o
                0x0000000008001c00                startBluetooth
 .text.startMotorDC
                0x0000000008001c7c       0x98 Core/Src/main.o
                0x0000000008001c7c                startMotorDC
 .text.HAL_TIM_PeriodElapsedCallback
                0x0000000008001d14       0x24 Core/Src/main.o
                0x0000000008001d14                HAL_TIM_PeriodElapsedCallback
 .text.Error_Handler
                0x0000000008001d38        0xa Core/Src/main.o
                0x0000000008001d38                Error_Handler
 *fill*         0x0000000008001d42        0x2 
 .text.HAL_MspInit
                0x0000000008001d44       0x58 Core/Src/stm32f4xx_hal_msp.o
                0x0000000008001d44                HAL_MspInit
 .text.HAL_I2C_MspInit
                0x0000000008001d9c       0x90 Core/Src/stm32f4xx_hal_msp.o
                0x0000000008001d9c                HAL_I2C_MspInit
 .text.HAL_TIM_Base_MspInit
                0x0000000008001e2c       0x70 Core/Src/stm32f4xx_hal_msp.o
                0x0000000008001e2c                HAL_TIM_Base_MspInit
 .text.HAL_TIM_MspPostInit
                0x0000000008001e9c       0xc4 Core/Src/stm32f4xx_hal_msp.o
                0x0000000008001e9c                HAL_TIM_MspPostInit
 .text.HAL_UART_MspInit
                0x0000000008001f60       0xd0 Core/Src/stm32f4xx_hal_msp.o
                0x0000000008001f60                HAL_UART_MspInit
 .text.HAL_InitTick
                0x0000000008002030       0xb0 Core/Src/stm32f4xx_hal_timebase_tim.o
                0x0000000008002030                HAL_InitTick
 .text.NMI_Handler
                0x00000000080020e0        0x6 Core/Src/stm32f4xx_it.o
                0x00000000080020e0                NMI_Handler
 .text.HardFault_Handler
                0x00000000080020e6        0x6 Core/Src/stm32f4xx_it.o
                0x00000000080020e6                HardFault_Handler
 .text.MemManage_Handler
                0x00000000080020ec        0x6 Core/Src/stm32f4xx_it.o
                0x00000000080020ec                MemManage_Handler
 .text.BusFault_Handler
                0x00000000080020f2        0x6 Core/Src/stm32f4xx_it.o
                0x00000000080020f2                BusFault_Handler
 .text.UsageFault_Handler
                0x00000000080020f8        0x6 Core/Src/stm32f4xx_it.o
                0x00000000080020f8                UsageFault_Handler
 .text.DebugMon_Handler
                0x00000000080020fe        0xe Core/Src/stm32f4xx_it.o
                0x00000000080020fe                DebugMon_Handler
 .text.TIM1_UP_TIM10_IRQHandler
                0x000000000800210c       0x14 Core/Src/stm32f4xx_it.o
                0x000000000800210c                TIM1_UP_TIM10_IRQHandler
 .text._sbrk    0x0000000008002120       0x6c Core/Src/sysmem.o
                0x0000000008002120                _sbrk
 .text.SystemInit
                0x000000000800218c       0x24 Core/Src/system_stm32f4xx.o
                0x000000000800218c                SystemInit
 .text.Reset_Handler
                0x00000000080021b0       0x50 Core/Startup/startup_stm32f446retx.o
                0x00000000080021b0                Reset_Handler
 .text.Default_Handler
                0x0000000008002200        0x2 Core/Startup/startup_stm32f446retx.o
                0x0000000008002200                RTC_Alarm_IRQHandler
                0x0000000008002200                EXTI2_IRQHandler
                0x0000000008002200                TIM8_CC_IRQHandler
                0x0000000008002200                FMPI2C1_EV_IRQHandler
                0x0000000008002200                SPI4_IRQHandler
                0x0000000008002200                TIM1_CC_IRQHandler
                0x0000000008002200                DMA2_Stream5_IRQHandler
                0x0000000008002200                DMA1_Stream5_IRQHandler
                0x0000000008002200                PVD_IRQHandler
                0x0000000008002200                SDIO_IRQHandler
                0x0000000008002200                TAMP_STAMP_IRQHandler
                0x0000000008002200                CAN2_RX1_IRQHandler
                0x0000000008002200                EXTI3_IRQHandler
                0x0000000008002200                TIM8_TRG_COM_TIM14_IRQHandler
                0x0000000008002200                TIM8_UP_TIM13_IRQHandler
                0x0000000008002200                I2C3_ER_IRQHandler
                0x0000000008002200                EXTI0_IRQHandler
                0x0000000008002200                I2C2_EV_IRQHandler
                0x0000000008002200                DMA1_Stream2_IRQHandler
                0x0000000008002200                CAN1_RX0_IRQHandler
                0x0000000008002200                FPU_IRQHandler
                0x0000000008002200                OTG_HS_WKUP_IRQHandler
                0x0000000008002200                CAN2_SCE_IRQHandler
                0x0000000008002200                DMA2_Stream2_IRQHandler
                0x0000000008002200                SPI1_IRQHandler
                0x0000000008002200                TIM6_DAC_IRQHandler
                0x0000000008002200                TIM1_BRK_TIM9_IRQHandler
                0x0000000008002200                DCMI_IRQHandler
                0x0000000008002200                CAN2_RX0_IRQHandler
                0x0000000008002200                DMA2_Stream3_IRQHandler
                0x0000000008002200                SAI2_IRQHandler
                0x0000000008002200                USART6_IRQHandler
                0x0000000008002200                USART3_IRQHandler
                0x0000000008002200                CAN1_RX1_IRQHandler
                0x0000000008002200                UART5_IRQHandler
                0x0000000008002200                DMA2_Stream0_IRQHandler
                0x0000000008002200                TIM4_IRQHandler
                0x0000000008002200                QUADSPI_IRQHandler
                0x0000000008002200                I2C1_EV_IRQHandler
                0x0000000008002200                DMA1_Stream6_IRQHandler
                0x0000000008002200                DMA1_Stream1_IRQHandler
                0x0000000008002200                UART4_IRQHandler
                0x0000000008002200                TIM3_IRQHandler
                0x0000000008002200                RCC_IRQHandler
                0x0000000008002200                TIM8_BRK_TIM12_IRQHandler
                0x0000000008002200                Default_Handler
                0x0000000008002200                CEC_IRQHandler
                0x0000000008002200                EXTI15_10_IRQHandler
                0x0000000008002200                ADC_IRQHandler
                0x0000000008002200                DMA1_Stream7_IRQHandler
                0x0000000008002200                TIM7_IRQHandler
                0x0000000008002200                CAN2_TX_IRQHandler
                0x0000000008002200                TIM5_IRQHandler
                0x0000000008002200                DMA2_Stream7_IRQHandler
                0x0000000008002200                I2C3_EV_IRQHandler
                0x0000000008002200                EXTI9_5_IRQHandler
                0x0000000008002200                RTC_WKUP_IRQHandler
                0x0000000008002200                SPDIF_RX_IRQHandler
                0x0000000008002200                SPI2_IRQHandler
                0x0000000008002200                OTG_HS_EP1_IN_IRQHandler
                0x0000000008002200                DMA1_Stream0_IRQHandler
                0x0000000008002200                CAN1_TX_IRQHandler
                0x0000000008002200                FMPI2C1_ER_IRQHandler
                0x0000000008002200                EXTI4_IRQHandler
                0x0000000008002200                OTG_HS_EP1_OUT_IRQHandler
                0x0000000008002200                WWDG_IRQHandler
                0x0000000008002200                TIM2_IRQHandler
                0x0000000008002200                OTG_FS_WKUP_IRQHandler
                0x0000000008002200                TIM1_TRG_COM_TIM11_IRQHandler
                0x0000000008002200                OTG_HS_IRQHandler
                0x0000000008002200                EXTI1_IRQHandler
                0x0000000008002200                USART2_IRQHandler
                0x0000000008002200                I2C2_ER_IRQHandler
                0x0000000008002200                DMA2_Stream1_IRQHandler
                0x0000000008002200                CAN1_SCE_IRQHandler
                0x0000000008002200                FLASH_IRQHandler
                0x0000000008002200                DMA2_Stream4_IRQHandler
                0x0000000008002200                USART1_IRQHandler
                0x0000000008002200                OTG_FS_IRQHandler
                0x0000000008002200                SPI3_IRQHandler
                0x0000000008002200                DMA1_Stream4_IRQHandler
                0x0000000008002200                I2C1_ER_IRQHandler
                0x0000000008002200                FMC_IRQHandler
                0x0000000008002200                DMA2_Stream6_IRQHandler
                0x0000000008002200                SAI1_IRQHandler
                0x0000000008002200                DMA1_Stream3_IRQHandler
 *fill*         0x0000000008002202        0x2 
 .text.HAL_Init
                0x0000000008002204       0x44 Drivers/STM32F4xx_HAL_Driver/Src/stm32f4xx_hal.o
                0x0000000008002204                HAL_Init
 .text.HAL_IncTick
                0x0000000008002248       0x28 Drivers/STM32F4xx_HAL_Driver/Src/stm32f4xx_hal.o
                0x0000000008002248                HAL_IncTick
 .text.HAL_GetTick
                0x0000000008002270       0x18 Drivers/STM32F4xx_HAL_Driver/Src/stm32f4xx_hal.o
                0x0000000008002270                HAL_GetTick
 .text.HAL_Delay
                0x0000000008002288       0x48 Drivers/STM32F4xx_HAL_Driver/Src/stm32f4xx_hal.o
                0x0000000008002288                HAL_Delay
 .text.__NVIC_SetPriorityGrouping
                0x00000000080022d0       0x48 Drivers/STM32F4xx_HAL_Driver/Src/stm32f4xx_hal_cortex.o
 .text.__NVIC_GetPriorityGrouping
                0x0000000008002318       0x1c Drivers/STM32F4xx_HAL_Driver/Src/stm32f4xx_hal_cortex.o
 .text.__NVIC_EnableIRQ
                0x0000000008002334       0x3c Drivers/STM32F4xx_HAL_Driver/Src/stm32f4xx_hal_cortex.o
 .text.__NVIC_SetPriority
                0x0000000008002370       0x54 Drivers/STM32F4xx_HAL_Driver/Src/stm32f4xx_hal_cortex.o
 .text.NVIC_EncodePriority
                0x00000000080023c4       0x66 Drivers/STM32F4xx_HAL_Driver/Src/stm32f4xx_hal_cortex.o
 .text.HAL_NVIC_SetPriorityGrouping
                0x000000000800242a       0x16 Drivers/STM32F4xx_HAL_Driver/Src/stm32f4xx_hal_cortex.o
                0x000000000800242a                HAL_NVIC_SetPriorityGrouping
 .text.HAL_NVIC_SetPriority
                0x0000000008002440       0x38 Drivers/STM32F4xx_HAL_Driver/Src/stm32f4xx_hal_cortex.o
                0x0000000008002440                HAL_NVIC_SetPriority
 .text.HAL_NVIC_EnableIRQ
                0x0000000008002478       0x1c Drivers/STM32F4xx_HAL_Driver/Src/stm32f4xx_hal_cortex.o
                0x0000000008002478                HAL_NVIC_EnableIRQ
 .text.HAL_GPIO_Init
                0x0000000008002494      0x328 Drivers/STM32F4xx_HAL_Driver/Src/stm32f4xx_hal_gpio.o
                0x0000000008002494                HAL_GPIO_Init
 .text.HAL_GPIO_WritePin
                0x00000000080027bc       0x32 Drivers/STM32F4xx_HAL_Driver/Src/stm32f4xx_hal_gpio.o
                0x00000000080027bc                HAL_GPIO_WritePin
 *fill*         0x00000000080027ee        0x2 
 .text.HAL_I2C_Init
                0x00000000080027f0      0x288 Drivers/STM32F4xx_HAL_Driver/Src/stm32f4xx_hal_i2c.o
                0x00000000080027f0                HAL_I2C_Init
 .text.HAL_I2C_Mem_Write
                0x0000000008002a78      0x1f4 Drivers/STM32F4xx_HAL_Driver/Src/stm32f4xx_hal_i2c.o
                0x0000000008002a78                HAL_I2C_Mem_Write
 .text.HAL_I2C_Mem_Read
                0x0000000008002c6c      0x44c Drivers/STM32F4xx_HAL_Driver/Src/stm32f4xx_hal_i2c.o
                0x0000000008002c6c                HAL_I2C_Mem_Read
 .text.I2C_RequestMemoryWrite
                0x00000000080030b8      0x12c Drivers/STM32F4xx_HAL_Driver/Src/stm32f4xx_hal_i2c.o
 .text.I2C_RequestMemoryRead
                0x00000000080031e4      0x1d0 Drivers/STM32F4xx_HAL_Driver/Src/stm32f4xx_hal_i2c.o
 .text.I2C_WaitOnFlagUntilTimeout
                0x00000000080033b4       0xae Drivers/STM32F4xx_HAL_Driver/Src/stm32f4xx_hal_i2c.o
 .text.I2C_WaitOnMasterAddressFlagUntilTimeout
                0x0000000008003462       0xfe Drivers/STM32F4xx_HAL_Driver/Src/stm32f4xx_hal_i2c.o
 .text.I2C_WaitOnTXEFlagUntilTimeout
                0x0000000008003560       0x82 Drivers/STM32F4xx_HAL_Driver/Src/stm32f4xx_hal_i2c.o
 .text.I2C_WaitOnBTFFlagUntilTimeout
                0x00000000080035e2       0x82 Drivers/STM32F4xx_HAL_Driver/Src/stm32f4xx_hal_i2c.o
 .text.I2C_WaitOnRXNEFlagUntilTimeout
                0x0000000008003664       0xac Drivers/STM32F4xx_HAL_Driver/Src/stm32f4xx_hal_i2c.o
 .text.I2C_IsAcknowledgeFailed
                0x0000000008003710       0x5e Drivers/STM32F4xx_HAL_Driver/Src/stm32f4xx_hal_i2c.o
 *fill*         0x000000000800376e        0x2 
 .text.HAL_RCC_ClockConfig
                0x0000000008003770      0x1cc Drivers/STM32F4xx_HAL_Driver/Src/stm32f4xx_hal_rcc.o
                0x0000000008003770                HAL_RCC_ClockConfig
 .text.HAL_RCC_GetHCLKFreq
                0x000000000800393c       0x18 Drivers/STM32F4xx_HAL_Driver/Src/stm32f4xx_hal_rcc.o
                0x000000000800393c                HAL_RCC_GetHCLKFreq
 .text.HAL_RCC_GetPCLK1Freq
                0x0000000008003954       0x28 Drivers/STM32F4xx_HAL_Driver/Src/stm32f4xx_hal_rcc.o
                0x0000000008003954                HAL_RCC_GetPCLK1Freq
 .text.HAL_RCC_GetPCLK2Freq
                0x000000000800397c       0x28 Drivers/STM32F4xx_HAL_Driver/Src/stm32f4xx_hal_rcc.o
                0x000000000800397c                HAL_RCC_GetPCLK2Freq
 .text.HAL_RCC_GetClockConfig
                0x00000000080039a4       0x64 Drivers/STM32F4xx_HAL_Driver/Src/stm32f4xx_hal_rcc.o
                0x00000000080039a4                HAL_RCC_GetClockConfig
 .text.HAL_RCC_GetSysClockFreq
                0x0000000008003a08      0x364 Drivers/STM32F4xx_HAL_Driver/Src/stm32f4xx_hal_rcc_ex.o
                0x0000000008003a08                HAL_RCC_GetSysClockFreq
 .text.HAL_RCC_OscConfig
                0x0000000008003d6c      0x53c Drivers/STM32F4xx_HAL_Driver/Src/stm32f4xx_hal_rcc_ex.o
                0x0000000008003d6c                HAL_RCC_OscConfig
 .text.HAL_TIM_Base_Init
                0x00000000080042a8       0x9e Drivers/STM32F4xx_HAL_Driver/Src/stm32f4xx_hal_tim.o
                0x00000000080042a8                HAL_TIM_Base_Init
 *fill*         0x0000000008004346        0x2 
 .text.HAL_TIM_Base_Start_IT
                0x0000000008004348       0xe0 Drivers/STM32F4xx_HAL_Driver/Src/stm32f4xx_hal_tim.o
                0x0000000008004348                HAL_TIM_Base_Start_IT
 .text.HAL_TIM_PWM_Init
                0x0000000008004428       0x9e Drivers/STM32F4xx_HAL_Driver/Src/stm32f4xx_hal_tim.o
                0x0000000008004428                HAL_TIM_PWM_Init
 .text.HAL_TIM_PWM_MspInit
                0x00000000080044c6       0x14 Drivers/STM32F4xx_HAL_Driver/Src/stm32f4xx_hal_tim.o
                0x00000000080044c6                HAL_TIM_PWM_MspInit
 *fill*         0x00000000080044da        0x2 
 .text.HAL_TIM_PWM_Start
                0x00000000080044dc      0x190 Drivers/STM32F4xx_HAL_Driver/Src/stm32f4xx_hal_tim.o
                0x00000000080044dc                HAL_TIM_PWM_Start
 .text.HAL_TIM_PWM_Stop
                0x000000000800466c       0xe0 Drivers/STM32F4xx_HAL_Driver/Src/stm32f4xx_hal_tim.o
                0x000000000800466c                HAL_TIM_PWM_Stop
 .text.HAL_TIM_IRQHandler
                0x000000000800474c      0x210 Drivers/STM32F4xx_HAL_Driver/Src/stm32f4xx_hal_tim.o
                0x000000000800474c                HAL_TIM_IRQHandler
 .text.HAL_TIM_PWM_ConfigChannel
                0x000000000800495c      0x184 Drivers/STM32F4xx_HAL_Driver/Src/stm32f4xx_hal_tim.o
                0x000000000800495c                HAL_TIM_PWM_ConfigChannel
 .text.HAL_TIM_ConfigClockSource
                0x0000000008004ae0      0x18e Drivers/STM32F4xx_HAL_Driver/Src/stm32f4xx_hal_tim.o
                0x0000000008004ae0                HAL_TIM_ConfigClockSource
 .text.HAL_TIM_OC_DelayElapsedCallback
                0x0000000008004c6e       0x14 Drivers/STM32F4xx_HAL_Driver/Src/stm32f4xx_hal_tim.o
                0x0000000008004c6e                HAL_TIM_OC_DelayElapsedCallback
 .text.HAL_TIM_IC_CaptureCallback
                0x0000000008004c82       0x14 Drivers/STM32F4xx_HAL_Driver/Src/stm32f4xx_hal_tim.o
                0x0000000008004c82                HAL_TIM_IC_CaptureCallback
 .text.HAL_TIM_PWM_PulseFinishedCallback
                0x0000000008004c96       0x14 Drivers/STM32F4xx_HAL_Driver/Src/stm32f4xx_hal_tim.o
                0x0000000008004c96                HAL_TIM_PWM_PulseFinishedCallback
 .text.HAL_TIM_TriggerCallback
                0x0000000008004caa       0x14 Drivers/STM32F4xx_HAL_Driver/Src/stm32f4xx_hal_tim.o
                0x0000000008004caa                HAL_TIM_TriggerCallback
 *fill*         0x0000000008004cbe        0x2 
 .text.TIM_Base_SetConfig
                0x0000000008004cc0      0x140 Drivers/STM32F4xx_HAL_Driver/Src/stm32f4xx_hal_tim.o
                0x0000000008004cc0                TIM_Base_SetConfig
 .text.TIM_OC1_SetConfig
                0x0000000008004e00       0xe0 Drivers/STM32F4xx_HAL_Driver/Src/stm32f4xx_hal_tim.o
 .text.TIM_OC2_SetConfig
                0x0000000008004ee0       0xec Drivers/STM32F4xx_HAL_Driver/Src/stm32f4xx_hal_tim.o
                0x0000000008004ee0                TIM_OC2_SetConfig
 .text.TIM_OC3_SetConfig
                0x0000000008004fcc       0xe8 Drivers/STM32F4xx_HAL_Driver/Src/stm32f4xx_hal_tim.o
 .text.TIM_OC4_SetConfig
                0x00000000080050b4       0xac Drivers/STM32F4xx_HAL_Driver/Src/stm32f4xx_hal_tim.o
 .text.TIM_TI1_ConfigInputStage
                0x0000000008005160       0x5e Drivers/STM32F4xx_HAL_Driver/Src/stm32f4xx_hal_tim.o
 .text.TIM_TI2_ConfigInputStage
                0x00000000080051be       0x60 Drivers/STM32F4xx_HAL_Driver/Src/stm32f4xx_hal_tim.o
 .text.TIM_ITRx_SetConfig
                0x000000000800521e       0x36 Drivers/STM32F4xx_HAL_Driver/Src/stm32f4xx_hal_tim.o
 .text.TIM_ETR_SetConfig
                0x0000000008005254       0x40 Drivers/STM32F4xx_HAL_Driver/Src/stm32f4xx_hal_tim.o
                0x0000000008005254                TIM_ETR_SetConfig
 .text.TIM_CCxChannelCmd
                0x0000000008005294       0x4a Drivers/STM32F4xx_HAL_Driver/Src/stm32f4xx_hal_tim.o
                0x0000000008005294                TIM_CCxChannelCmd
 *fill*         0x00000000080052de        0x2 
 .text.HAL_TIMEx_MasterConfigSynchronization
                0x00000000080052e0       0xf8 Drivers/STM32F4xx_HAL_Driver/Src/stm32f4xx_hal_tim_ex.o
                0x00000000080052e0                HAL_TIMEx_MasterConfigSynchronization
 .text.HAL_TIMEx_CommutCallback
                0x00000000080053d8       0x14 Drivers/STM32F4xx_HAL_Driver/Src/stm32f4xx_hal_tim_ex.o
                0x00000000080053d8                HAL_TIMEx_CommutCallback
 .text.HAL_TIMEx_BreakCallback
                0x00000000080053ec       0x14 Drivers/STM32F4xx_HAL_Driver/Src/stm32f4xx_hal_tim_ex.o
                0x00000000080053ec                HAL_TIMEx_BreakCallback
 .text.HAL_UART_Init
                0x0000000008005400       0x9a Drivers/STM32F4xx_HAL_Driver/Src/stm32f4xx_hal_uart.o
                0x0000000008005400                HAL_UART_Init
 *fill*         0x000000000800549a        0x2 
 .text.UART_SetConfig
                0x000000000800549c      0x390 Drivers/STM32F4xx_HAL_Driver/Src/stm32f4xx_hal_uart.o
 .text.__NVIC_SetPriority
                0x000000000800582c       0x54 Middlewares/Third_Party/FreeRTOS/Source/CMSIS_RTOS_V2/cmsis_os2.o
 .text.SysTick_Handler
                0x0000000008005880       0x20 Middlewares/Third_Party/FreeRTOS/Source/CMSIS_RTOS_V2/cmsis_os2.o
                0x0000000008005880                SysTick_Handler
 .text.SVC_Setup
                0x00000000080058a0       0x12 Middlewares/Third_Party/FreeRTOS/Source/CMSIS_RTOS_V2/cmsis_os2.o
 *fill*         0x00000000080058b2        0x2 
 .text.osKernelInitialize
                0x00000000080058b4       0x48 Middlewares/Third_Party/FreeRTOS/Source/CMSIS_RTOS_V2/cmsis_os2.o
                0x00000000080058b4                osKernelInitialize
 .text.osKernelStart
                0x00000000080058fc       0x4c Middlewares/Third_Party/FreeRTOS/Source/CMSIS_RTOS_V2/cmsis_os2.o
                0x00000000080058fc                osKernelStart
 .text.osThreadNew
                0x0000000008005948      0x124 Middlewares/Third_Party/FreeRTOS/Source/CMSIS_RTOS_V2/cmsis_os2.o
                0x0000000008005948                osThreadNew
 .text.osDelay  0x0000000008005a6c       0x36 Middlewares/Third_Party/FreeRTOS/Source/CMSIS_RTOS_V2/cmsis_os2.o
                0x0000000008005a6c                osDelay
 .text.osEventFlagsNew
                0x0000000008005aa2       0x7e Middlewares/Third_Party/FreeRTOS/Source/CMSIS_RTOS_V2/cmsis_os2.o
                0x0000000008005aa2                osEventFlagsNew
 .text.osEventFlagsSet
                0x0000000008005b20       0x88 Middlewares/Third_Party/FreeRTOS/Source/CMSIS_RTOS_V2/cmsis_os2.o
                0x0000000008005b20                osEventFlagsSet
 .text.osEventFlagsClear
                0x0000000008005ba8       0x64 Middlewares/Third_Party/FreeRTOS/Source/CMSIS_RTOS_V2/cmsis_os2.o
                0x0000000008005ba8                osEventFlagsClear
 .text.osEventFlagsGet
                0x0000000008005c0c       0x42 Middlewares/Third_Party/FreeRTOS/Source/CMSIS_RTOS_V2/cmsis_os2.o
                0x0000000008005c0c                osEventFlagsGet
 .text.osEventFlagsWait
                0x0000000008005c4e       0xcc Middlewares/Third_Party/FreeRTOS/Source/CMSIS_RTOS_V2/cmsis_os2.o
                0x0000000008005c4e                osEventFlagsWait
 .text.osMessageQueueNew
                0x0000000008005d1a       0xe6 Middlewares/Third_Party/FreeRTOS/Source/CMSIS_RTOS_V2/cmsis_os2.o
                0x0000000008005d1a                osMessageQueueNew
 .text.vApplicationGetIdleTaskMemory
                0x0000000008005e00       0x34 Middlewares/Third_Party/FreeRTOS/Source/CMSIS_RTOS_V2/cmsis_os2.o
                0x0000000008005e00                vApplicationGetIdleTaskMemory
 .text.vApplicationGetTimerTaskMemory
                0x0000000008005e34       0x34 Middlewares/Third_Party/FreeRTOS/Source/CMSIS_RTOS_V2/cmsis_os2.o
                0x0000000008005e34                vApplicationGetTimerTaskMemory
 .text.xEventGroupCreateStatic
                0x0000000008005e68       0x6e Middlewares/Third_Party/FreeRTOS/Source/event_groups.o
                0x0000000008005e68                xEventGroupCreateStatic
 .text.xEventGroupCreate
                0x0000000008005ed6       0x34 Middlewares/Third_Party/FreeRTOS/Source/event_groups.o
                0x0000000008005ed6                xEventGroupCreate
 *fill*         0x0000000008005f0a        0x2 
 .text.xEventGroupWaitBits
                0x0000000008005f0c      0x19c Middlewares/Third_Party/FreeRTOS/Source/event_groups.o
                0x0000000008005f0c                xEventGroupWaitBits
 .text.xEventGroupClearBits
                0x00000000080060a8       0x70 Middlewares/Third_Party/FreeRTOS/Source/event_groups.o
                0x00000000080060a8                xEventGroupClearBits
 .text.xEventGroupClearBitsFromISR
                0x0000000008006118       0x28 Middlewares/Third_Party/FreeRTOS/Source/event_groups.o
                0x0000000008006118                xEventGroupClearBitsFromISR
 .text.xEventGroupGetBitsFromISR
                0x0000000008006140       0x48 Middlewares/Third_Party/FreeRTOS/Source/event_groups.o
                0x0000000008006140                xEventGroupGetBitsFromISR
 .text.xEventGroupSetBits
                0x0000000008006188      0x116 Middlewares/Third_Party/FreeRTOS/Source/event_groups.o
                0x0000000008006188                xEventGroupSetBits
 .text.vEventGroupSetBitsCallback
                0x000000000800629e       0x1a Middlewares/Third_Party/FreeRTOS/Source/event_groups.o
                0x000000000800629e                vEventGroupSetBitsCallback
 .text.vEventGroupClearBitsCallback
                0x00000000080062b8       0x1a Middlewares/Third_Party/FreeRTOS/Source/event_groups.o
                0x00000000080062b8                vEventGroupClearBitsCallback
 .text.prvTestWaitCondition
                0x00000000080062d2       0x44 Middlewares/Third_Party/FreeRTOS/Source/event_groups.o
 *fill*         0x0000000008006316        0x2 
 .text.xEventGroupSetBitsFromISR
                0x0000000008006318       0x28 Middlewares/Third_Party/FreeRTOS/Source/event_groups.o
                0x0000000008006318                xEventGroupSetBitsFromISR
 .text.vListInitialise
                0x0000000008006340       0x40 Middlewares/Third_Party/FreeRTOS/Source/list.o
                0x0000000008006340                vListInitialise
 .text.vListInitialiseItem
                0x0000000008006380       0x1a Middlewares/Third_Party/FreeRTOS/Source/list.o
                0x0000000008006380                vListInitialiseItem
 .text.vListInsertEnd
                0x000000000800639a       0x48 Middlewares/Third_Party/FreeRTOS/Source/list.o
                0x000000000800639a                vListInsertEnd
 .text.vListInsert
                0x00000000080063e2       0x72 Middlewares/Third_Party/FreeRTOS/Source/list.o
                0x00000000080063e2                vListInsert
 .text.uxListRemove
                0x0000000008006454       0x54 Middlewares/Third_Party/FreeRTOS/Source/list.o
                0x0000000008006454                uxListRemove
 .text.xQueueGenericReset
                0x00000000080064a8       0xd0 Middlewares/Third_Party/FreeRTOS/Source/queue.o
                0x00000000080064a8                xQueueGenericReset
 .text.xQueueGenericCreateStatic
                0x0000000008006578       0xf0 Middlewares/Third_Party/FreeRTOS/Source/queue.o
                0x0000000008006578                xQueueGenericCreateStatic
 .text.xQueueGenericCreate
                0x0000000008006668       0x74 Middlewares/Third_Party/FreeRTOS/Source/queue.o
                0x0000000008006668                xQueueGenericCreate
 .text.prvInitialiseNewQueue
                0x00000000080066dc       0x46 Middlewares/Third_Party/FreeRTOS/Source/queue.o
 *fill*         0x0000000008006722        0x2 
 .text.xQueueGenericSend
                0x0000000008006724      0x1fc Middlewares/Third_Party/FreeRTOS/Source/queue.o
                0x0000000008006724                xQueueGenericSend
 .text.xQueueGenericSendFromISR
                0x0000000008006920      0x136 Middlewares/Third_Party/FreeRTOS/Source/queue.o
                0x0000000008006920                xQueueGenericSendFromISR
 *fill*         0x0000000008006a56        0x2 
 .text.xQueueReceive
                0x0000000008006a58      0x1c0 Middlewares/Third_Party/FreeRTOS/Source/queue.o
                0x0000000008006a58                xQueueReceive
 .text.uxQueueMessagesWaiting
                0x0000000008006c18       0x3c Middlewares/Third_Party/FreeRTOS/Source/queue.o
                0x0000000008006c18                uxQueueMessagesWaiting
 .text.prvCopyDataToQueue
                0x0000000008006c54       0xd4 Middlewares/Third_Party/FreeRTOS/Source/queue.o
 .text.prvCopyDataFromQueue
                0x0000000008006d28       0x4c Middlewares/Third_Party/FreeRTOS/Source/queue.o
 .text.prvUnlockQueue
                0x0000000008006d74       0xa4 Middlewares/Third_Party/FreeRTOS/Source/queue.o
 .text.prvIsQueueEmpty
                0x0000000008006e18       0x2c Middlewares/Third_Party/FreeRTOS/Source/queue.o
 .text.prvIsQueueFull
                0x0000000008006e44       0x30 Middlewares/Third_Party/FreeRTOS/Source/queue.o
 .text.vQueueAddToRegistry
                0x0000000008006e74       0x54 Middlewares/Third_Party/FreeRTOS/Source/queue.o
                0x0000000008006e74                vQueueAddToRegistry
 .text.vQueueWaitForMessageRestricted
                0x0000000008006ec8       0x68 Middlewares/Third_Party/FreeRTOS/Source/queue.o
                0x0000000008006ec8                vQueueWaitForMessageRestricted
 .text.xTaskCreateStatic
                0x0000000008006f30       0xba Middlewares/Third_Party/FreeRTOS/Source/tasks.o
                0x0000000008006f30                xTaskCreateStatic
 .text.xTaskCreate
                0x0000000008006fea       0x8a Middlewares/Third_Party/FreeRTOS/Source/tasks.o
                0x0000000008006fea                xTaskCreate
 .text.prvInitialiseNewTask
                0x0000000008007074      0x11e Middlewares/Third_Party/FreeRTOS/Source/tasks.o
 *fill*         0x0000000008007192        0x2 
 .text.prvAddNewTaskToReadyList
                0x0000000008007194       0xe0 Middlewares/Third_Party/FreeRTOS/Source/tasks.o
 .text.vTaskDelay
                0x0000000008007274       0x68 Middlewares/Third_Party/FreeRTOS/Source/tasks.o
                0x0000000008007274                vTaskDelay
 .text.vTaskStartScheduler
                0x00000000080072dc       0xcc Middlewares/Third_Party/FreeRTOS/Source/tasks.o
                0x00000000080072dc                vTaskStartScheduler
 .text.vTaskSuspendAll
                0x00000000080073a8       0x1c Middlewares/Third_Party/FreeRTOS/Source/tasks.o
                0x00000000080073a8                vTaskSuspendAll
 .text.xTaskResumeAll
                0x00000000080073c4      0x13c Middlewares/Third_Party/FreeRTOS/Source/tasks.o
                0x00000000080073c4                xTaskResumeAll
 .text.xTaskGetTickCount
                0x0000000008007500       0x20 Middlewares/Third_Party/FreeRTOS/Source/tasks.o
                0x0000000008007500                xTaskGetTickCount
 .text.xTaskIncrementTick
                0x0000000008007520      0x174 Middlewares/Third_Party/FreeRTOS/Source/tasks.o
                0x0000000008007520                xTaskIncrementTick
 .text.vTaskSwitchContext
                0x0000000008007694       0xbc Middlewares/Third_Party/FreeRTOS/Source/tasks.o
                0x0000000008007694                vTaskSwitchContext
 .text.vTaskPlaceOnEventList
                0x0000000008007750       0x48 Middlewares/Third_Party/FreeRTOS/Source/tasks.o
                0x0000000008007750                vTaskPlaceOnEventList
 .text.vTaskPlaceOnUnorderedEventList
                0x0000000008007798       0x78 Middlewares/Third_Party/FreeRTOS/Source/tasks.o
                0x0000000008007798                vTaskPlaceOnUnorderedEventList
 .text.vTaskPlaceOnEventListRestricted
                0x0000000008007810       0x58 Middlewares/Third_Party/FreeRTOS/Source/tasks.o
                0x0000000008007810                vTaskPlaceOnEventListRestricted
 .text.xTaskRemoveFromEventList
                0x0000000008007868       0xc8 Middlewares/Third_Party/FreeRTOS/Source/tasks.o
                0x0000000008007868                xTaskRemoveFromEventList
 .text.vTaskRemoveFromUnorderedEventList
                0x0000000008007930       0xc4 Middlewares/Third_Party/FreeRTOS/Source/tasks.o
                0x0000000008007930                vTaskRemoveFromUnorderedEventList
 .text.vTaskInternalSetTimeOutState
                0x00000000080079f4       0x2c Middlewares/Third_Party/FreeRTOS/Source/tasks.o
                0x00000000080079f4                vTaskInternalSetTimeOutState
 .text.xTaskCheckForTimeOut
                0x0000000008007a20       0xc4 Middlewares/Third_Party/FreeRTOS/Source/tasks.o
                0x0000000008007a20                xTaskCheckForTimeOut
 .text.vTaskMissedYield
                0x0000000008007ae4       0x18 Middlewares/Third_Party/FreeRTOS/Source/tasks.o
                0x0000000008007ae4                vTaskMissedYield
 .text.prvIdleTask
                0x0000000008007afc       0x30 Middlewares/Third_Party/FreeRTOS/Source/tasks.o
 .text.prvInitialiseTaskLists
                0x0000000008007b2c       0x80 Middlewares/Third_Party/FreeRTOS/Source/tasks.o
 .text.prvCheckTasksWaitingTermination
                0x0000000008007bac       0x5c Middlewares/Third_Party/FreeRTOS/Source/tasks.o
 .text.prvDeleteTCB
                0x0000000008007c08       0x5e Middlewares/Third_Party/FreeRTOS/Source/tasks.o
 *fill*         0x0000000008007c66        0x2 
 .text.prvResetNextTaskUnblockTime
                0x0000000008007c68       0x40 Middlewares/Third_Party/FreeRTOS/Source/tasks.o
 .text.xTaskGetSchedulerState
                0x0000000008007ca8       0x3c Middlewares/Third_Party/FreeRTOS/Source/tasks.o
                0x0000000008007ca8                xTaskGetSchedulerState
 .text.xTaskPriorityDisinherit
                0x0000000008007ce4       0xdc Middlewares/Third_Party/FreeRTOS/Source/tasks.o
                0x0000000008007ce4                xTaskPriorityDisinherit
 .text.uxTaskResetEventItemValue
                0x0000000008007dc0       0x30 Middlewares/Third_Party/FreeRTOS/Source/tasks.o
                0x0000000008007dc0                uxTaskResetEventItemValue
 .text.prvAddCurrentTaskToDelayedList
                0x0000000008007df0       0xa8 Middlewares/Third_Party/FreeRTOS/Source/tasks.o
 .text.xTimerCreateTimerTask
                0x0000000008007e98       0x90 Middlewares/Third_Party/FreeRTOS/Source/timers.o
                0x0000000008007e98                xTimerCreateTimerTask
 .text.xTimerGenericCommand
                0x0000000008007f28       0x9c Middlewares/Third_Party/FreeRTOS/Source/timers.o
                0x0000000008007f28                xTimerGenericCommand
 .text.prvProcessExpiredTimer
                0x0000000008007fc4       0x98 Middlewares/Third_Party/FreeRTOS/Source/timers.o
 .text.prvTimerTask
                0x000000000800805c       0x24 Middlewares/Third_Party/FreeRTOS/Source/timers.o
 .text.prvProcessTimerOrBlockTask
                0x0000000008008080       0x9c Middlewares/Third_Party/FreeRTOS/Source/timers.o
 .text.prvGetNextExpireTime
                0x000000000800811c       0x48 Middlewares/Third_Party/FreeRTOS/Source/timers.o
 .text.prvSampleTimeNow
                0x0000000008008164       0x40 Middlewares/Third_Party/FreeRTOS/Source/timers.o
 .text.prvInsertTimerInActiveList
                0x00000000080081a4       0x84 Middlewares/Third_Party/FreeRTOS/Source/timers.o
 .text.prvProcessReceivedCommands
                0x0000000008008228      0x1c4 Middlewares/Third_Party/FreeRTOS/Source/timers.o
 .text.prvSwitchTimerLists
                0x00000000080083ec       0xc8 Middlewares/Third_Party/FreeRTOS/Source/timers.o
 .text.prvCheckForValidListAndQueue
                0x00000000080084b4       0x80 Middlewares/Third_Party/FreeRTOS/Source/timers.o
 .text.xTimerPendFunctionCallFromISR
                0x0000000008008534       0x40 Middlewares/Third_Party/FreeRTOS/Source/timers.o
                0x0000000008008534                xTimerPendFunctionCallFromISR
 .text.pxPortInitialiseStack
                0x0000000008008574       0x68 Middlewares/Third_Party/FreeRTOS/Source/portable/GCC/ARM_CM4F/port.o
                0x0000000008008574                pxPortInitialiseStack
 .text.prvTaskExitError
                0x00000000080085dc       0x58 Middlewares/Third_Party/FreeRTOS/Source/portable/GCC/ARM_CM4F/port.o
 *fill*         0x0000000008008634        0xc 
 .text.SVC_Handler
                0x0000000008008640       0x28 Middlewares/Third_Party/FreeRTOS/Source/portable/GCC/ARM_CM4F/port.o
                0x0000000008008640                SVC_Handler
 .text.prvPortStartFirstTask
                0x0000000008008668       0x28 Middlewares/Third_Party/FreeRTOS/Source/portable/GCC/ARM_CM4F/port.o
 .text.xPortStartScheduler
                0x0000000008008690      0x144 Middlewares/Third_Party/FreeRTOS/Source/portable/GCC/ARM_CM4F/port.o
                0x0000000008008690                xPortStartScheduler
 .text.vPortEnterCritical
                0x00000000080087d4       0x60 Middlewares/Third_Party/FreeRTOS/Source/portable/GCC/ARM_CM4F/port.o
                0x00000000080087d4                vPortEnterCritical
 .text.vPortExitCritical
                0x0000000008008834       0x54 Middlewares/Third_Party/FreeRTOS/Source/portable/GCC/ARM_CM4F/port.o
                0x0000000008008834                vPortExitCritical
 *fill*         0x0000000008008888        0x8 
 .text.PendSV_Handler
                0x0000000008008890       0x68 Middlewares/Third_Party/FreeRTOS/Source/portable/GCC/ARM_CM4F/port.o
                0x0000000008008890                PendSV_Handler
 .text.xPortSysTickHandler
                0x00000000080088f8       0x44 Middlewares/Third_Party/FreeRTOS/Source/portable/GCC/ARM_CM4F/port.o
                0x00000000080088f8                xPortSysTickHandler
 .text.vPortSetupTimerInterrupt
                0x000000000800893c       0x48 Middlewares/Third_Party/FreeRTOS/Source/portable/GCC/ARM_CM4F/port.o
                0x000000000800893c                vPortSetupTimerInterrupt
 .text.vPortEnableVFP
                0x0000000008008984       0x14 Middlewares/Third_Party/FreeRTOS/Source/portable/GCC/ARM_CM4F/port.o
 .text.vPortValidateInterruptPriority
                0x0000000008008998       0x80 Middlewares/Third_Party/FreeRTOS/Source/portable/GCC/ARM_CM4F/port.o
                0x0000000008008998                vPortValidateInterruptPriority
 .text.pvPortMalloc
                0x0000000008008a18      0x198 Middlewares/Third_Party/FreeRTOS/Source/portable/MemMang/heap_4.o
                0x0000000008008a18                pvPortMalloc
 .text.vPortFree
                0x0000000008008bb0       0xc4 Middlewares/Third_Party/FreeRTOS/Source/portable/MemMang/heap_4.o
                0x0000000008008bb0                vPortFree
 .text.prvHeapInit
                0x0000000008008c74       0xc4 Middlewares/Third_Party/FreeRTOS/Source/portable/MemMang/heap_4.o
 .text.prvInsertBlockIntoFreeList
                0x0000000008008d38       0xb4 Middlewares/Third_Party/FreeRTOS/Source/portable/MemMang/heap_4.o
 .text.__errno  0x0000000008008dec        0xc /opt/st/stm32cubeide_1.6.1/plugins/com.st.stm32cube.ide.mcu.externaltools.gnu-tools-for-stm32.9-2020-q2-update.linux64_1.5.0.202011040924/tools/bin/../lib/gcc/arm-none-eabi/9.3.1/../../../../arm-none-eabi/lib/thumb/v7e-m+fp/hard/libc_nano.a(lib_a-errno.o)
                0x0000000008008dec                __errno
 .text.__libc_init_array
                0x0000000008008df8       0x48 /opt/st/stm32cubeide_1.6.1/plugins/com.st.stm32cube.ide.mcu.externaltools.gnu-tools-for-stm32.9-2020-q2-update.linux64_1.5.0.202011040924/tools/bin/../lib/gcc/arm-none-eabi/9.3.1/../../../../arm-none-eabi/lib/thumb/v7e-m+fp/hard/libc_nano.a(lib_a-init.o)
                0x0000000008008df8                __libc_init_array
 .text.memcpy   0x0000000008008e40       0x1c /opt/st/stm32cubeide_1.6.1/plugins/com.st.stm32cube.ide.mcu.externaltools.gnu-tools-for-stm32.9-2020-q2-update.linux64_1.5.0.202011040924/tools/bin/../lib/gcc/arm-none-eabi/9.3.1/../../../../arm-none-eabi/lib/thumb/v7e-m+fp/hard/libc_nano.a(lib_a-memcpy-stub.o)
                0x0000000008008e40                memcpy
 .text.memset   0x0000000008008e5c       0x10 /opt/st/stm32cubeide_1.6.1/plugins/com.st.stm32cube.ide.mcu.externaltools.gnu-tools-for-stm32.9-2020-q2-update.linux64_1.5.0.202011040924/tools/bin/../lib/gcc/arm-none-eabi/9.3.1/../../../../arm-none-eabi/lib/thumb/v7e-m+fp/hard/libc_nano.a(lib_a-memset.o)
                0x0000000008008e5c                memset
 .text._free_r  0x0000000008008e6c       0xa0 /opt/st/stm32cubeide_1.6.1/plugins/com.st.stm32cube.ide.mcu.externaltools.gnu-tools-for-stm32.9-2020-q2-update.linux64_1.5.0.202011040924/tools/bin/../lib/gcc/arm-none-eabi/9.3.1/../../../../arm-none-eabi/lib/thumb/v7e-m+fp/hard/libc_nano.a(lib_a-nano-freer.o)
                0x0000000008008e6c                _free_r
 .text._malloc_r
                0x0000000008008f0c       0xb4 /opt/st/stm32cubeide_1.6.1/plugins/com.st.stm32cube.ide.mcu.externaltools.gnu-tools-for-stm32.9-2020-q2-update.linux64_1.5.0.202011040924/tools/bin/../lib/gcc/arm-none-eabi/9.3.1/../../../../arm-none-eabi/lib/thumb/v7e-m+fp/hard/libc_nano.a(lib_a-nano-mallocr.o)
                0x0000000008008f0c                _malloc_r
 .text._sbrk_r  0x0000000008008fc0       0x20 /opt/st/stm32cubeide_1.6.1/plugins/com.st.stm32cube.ide.mcu.externaltools.gnu-tools-for-stm32.9-2020-q2-update.linux64_1.5.0.202011040924/tools/bin/../lib/gcc/arm-none-eabi/9.3.1/../../../../arm-none-eabi/lib/thumb/v7e-m+fp/hard/libc_nano.a(lib_a-sbrkr.o)
                0x0000000008008fc0                _sbrk_r
 .text.sprintf  0x0000000008008fe0       0x40 /opt/st/stm32cubeide_1.6.1/plugins/com.st.stm32cube.ide.mcu.externaltools.gnu-tools-for-stm32.9-2020-q2-update.linux64_1.5.0.202011040924/tools/bin/../lib/gcc/arm-none-eabi/9.3.1/../../../../arm-none-eabi/lib/thumb/v7e-m+fp/hard/libc_nano.a(lib_a-sprintf.o)
                0x0000000008008fe0                sprintf
                0x0000000008008fe0                siprintf
 .text.__retarget_lock_acquire_recursive
                0x0000000008009020        0x2 /opt/st/stm32cubeide_1.6.1/plugins/com.st.stm32cube.ide.mcu.externaltools.gnu-tools-for-stm32.9-2020-q2-update.linux64_1.5.0.202011040924/tools/bin/../lib/gcc/arm-none-eabi/9.3.1/../../../../arm-none-eabi/lib/thumb/v7e-m+fp/hard/libc_nano.a(lib_a-lock.o)
                0x0000000008009020                __retarget_lock_acquire_recursive
 .text.__retarget_lock_release_recursive
                0x0000000008009022        0x2 /opt/st/stm32cubeide_1.6.1/plugins/com.st.stm32cube.ide.mcu.externaltools.gnu-tools-for-stm32.9-2020-q2-update.linux64_1.5.0.202011040924/tools/bin/../lib/gcc/arm-none-eabi/9.3.1/../../../../arm-none-eabi/lib/thumb/v7e-m+fp/hard/libc_nano.a(lib_a-lock.o)
                0x0000000008009022                __retarget_lock_release_recursive
 .text.__malloc_lock
                0x0000000008009024        0xc /opt/st/stm32cubeide_1.6.1/plugins/com.st.stm32cube.ide.mcu.externaltools.gnu-tools-for-stm32.9-2020-q2-update.linux64_1.5.0.202011040924/tools/bin/../lib/gcc/arm-none-eabi/9.3.1/../../../../arm-none-eabi/lib/thumb/v7e-m+fp/hard/libc_nano.a(lib_a-mlock.o)
                0x0000000008009024                __malloc_lock
 .text.__malloc_unlock
                0x0000000008009030        0xc /opt/st/stm32cubeide_1.6.1/plugins/com.st.stm32cube.ide.mcu.externaltools.gnu-tools-for-stm32.9-2020-q2-update.linux64_1.5.0.202011040924/tools/bin/../lib/gcc/arm-none-eabi/9.3.1/../../../../arm-none-eabi/lib/thumb/v7e-m+fp/hard/libc_nano.a(lib_a-mlock.o)
                0x0000000008009030                __malloc_unlock
 .text.__ssputs_r
                0x000000000800903c       0xb6 /opt/st/stm32cubeide_1.6.1/plugins/com.st.stm32cube.ide.mcu.externaltools.gnu-tools-for-stm32.9-2020-q2-update.linux64_1.5.0.202011040924/tools/bin/../lib/gcc/arm-none-eabi/9.3.1/../../../../arm-none-eabi/lib/thumb/v7e-m+fp/hard/libc_nano.a(lib_a-nano-svfprintf.o)
                0x000000000800903c                __ssputs_r
 *fill*         0x00000000080090f2        0x2 
 .text._svfprintf_r
                0x00000000080090f4      0x200 /opt/st/stm32cubeide_1.6.1/plugins/com.st.stm32cube.ide.mcu.externaltools.gnu-tools-for-stm32.9-2020-q2-update.linux64_1.5.0.202011040924/tools/bin/../lib/gcc/arm-none-eabi/9.3.1/../../../../arm-none-eabi/lib/thumb/v7e-m+fp/hard/libc_nano.a(lib_a-nano-svfprintf.o)
                0x00000000080090f4                _svfprintf_r
                0x00000000080090f4                _svfiprintf_r
 .text._printf_common
                0x00000000080092f4       0xda /opt/st/stm32cubeide_1.6.1/plugins/com.st.stm32cube.ide.mcu.externaltools.gnu-tools-for-stm32.9-2020-q2-update.linux64_1.5.0.202011040924/tools/bin/../lib/gcc/arm-none-eabi/9.3.1/../../../../arm-none-eabi/lib/thumb/v7e-m+fp/hard/libc_nano.a(lib_a-nano-vfprintf_i.o)
                0x00000000080092f4                _printf_common
 *fill*         0x00000000080093ce        0x2 
 .text._printf_i
                0x00000000080093d0      0x24c /opt/st/stm32cubeide_1.6.1/plugins/com.st.stm32cube.ide.mcu.externaltools.gnu-tools-for-stm32.9-2020-q2-update.linux64_1.5.0.202011040924/tools/bin/../lib/gcc/arm-none-eabi/9.3.1/../../../../arm-none-eabi/lib/thumb/v7e-m+fp/hard/libc_nano.a(lib_a-nano-vfprintf_i.o)
                0x00000000080093d0                _printf_i
 .text.memmove  0x000000000800961c       0x34 /opt/st/stm32cubeide_1.6.1/plugins/com.st.stm32cube.ide.mcu.externaltools.gnu-tools-for-stm32.9-2020-q2-update.linux64_1.5.0.202011040924/tools/bin/../lib/gcc/arm-none-eabi/9.3.1/../../../../arm-none-eabi/lib/thumb/v7e-m+fp/hard/libc_nano.a(lib_a-memmove.o)
                0x000000000800961c                memmove
 .text._realloc_r
                0x0000000008009650       0x4c /opt/st/stm32cubeide_1.6.1/plugins/com.st.stm32cube.ide.mcu.externaltools.gnu-tools-for-stm32.9-2020-q2-update.linux64_1.5.0.202011040924/tools/bin/../lib/gcc/arm-none-eabi/9.3.1/../../../../arm-none-eabi/lib/thumb/v7e-m+fp/hard/libc_nano.a(lib_a-nano-reallocr.o)
                0x0000000008009650                _realloc_r
 .text._malloc_usable_size_r
                0x000000000800969c       0x10 /opt/st/stm32cubeide_1.6.1/plugins/com.st.stm32cube.ide.mcu.externaltools.gnu-tools-for-stm32.9-2020-q2-update.linux64_1.5.0.202011040924/tools/bin/../lib/gcc/arm-none-eabi/9.3.1/../../../../arm-none-eabi/lib/thumb/v7e-m+fp/hard/libc_nano.a(lib_a-nano-msizer.o)
                0x000000000800969c                _malloc_usable_size_r
 .text.atan2    0x00000000080096ac        0x4 /opt/st/stm32cubeide_1.6.1/plugins/com.st.stm32cube.ide.mcu.externaltools.gnu-tools-for-stm32.9-2020-q2-update.linux64_1.5.0.202011040924/tools/bin/../lib/gcc/arm-none-eabi/9.3.1/../../../../arm-none-eabi/lib/thumb/v7e-m+fp/hard/libm.a(lib_a-w_atan2.o)
                0x00000000080096ac                atan2
 .text.__ieee754_atan2
                0x00000000080096b0      0x194 /opt/st/stm32cubeide_1.6.1/plugins/com.st.stm32cube.ide.mcu.externaltools.gnu-tools-for-stm32.9-2020-q2-update.linux64_1.5.0.202011040924/tools/bin/../lib/gcc/arm-none-eabi/9.3.1/../../../../arm-none-eabi/lib/thumb/v7e-m+fp/hard/libm.a(lib_a-e_atan2.o)
                0x00000000080096b0                __ieee754_atan2
 *fill*         0x0000000008009844        0x4 
 .text.atan     0x0000000008009848      0x340 /opt/st/stm32cubeide_1.6.1/plugins/com.st.stm32cube.ide.mcu.externaltools.gnu-tools-for-stm32.9-2020-q2-update.linux64_1.5.0.202011040924/tools/bin/../lib/gcc/arm-none-eabi/9.3.1/../../../../arm-none-eabi/lib/thumb/v7e-m+fp/hard/libm.a(lib_a-s_atan.o)
                0x0000000008009848                atan
 .text.fabs     0x0000000008009b88       0x12 /opt/st/stm32cubeide_1.6.1/plugins/com.st.stm32cube.ide.mcu.externaltools.gnu-tools-for-stm32.9-2020-q2-update.linux64_1.5.0.202011040924/tools/bin/../lib/gcc/arm-none-eabi/9.3.1/../../../../arm-none-eabi/lib/thumb/v7e-m+fp/hard/libm.a(lib_a-s_fabs.o)
                0x0000000008009b88                fabs
 *(.glue_7)
 .glue_7        0x0000000008009b9a        0x0 linker stubs
 *(.glue_7t)
 .glue_7t       0x0000000008009b9a        0x0 linker stubs
 *(.eh_frame)
 *fill*         0x0000000008009b9a        0x2 
 .eh_frame      0x0000000008009b9c        0x0 /opt/st/stm32cubeide_1.6.1/plugins/com.st.stm32cube.ide.mcu.externaltools.gnu-tools-for-stm32.9-2020-q2-update.linux64_1.5.0.202011040924/tools/bin/../lib/gcc/arm-none-eabi/9.3.1/thumb/v7e-m+fp/hard/crtbegin.o
 *(.init)
 .init          0x0000000008009b9c        0x4 /opt/st/stm32cubeide_1.6.1/plugins/com.st.stm32cube.ide.mcu.externaltools.gnu-tools-for-stm32.9-2020-q2-update.linux64_1.5.0.202011040924/tools/bin/../lib/gcc/arm-none-eabi/9.3.1/thumb/v7e-m+fp/hard/crti.o
                0x0000000008009b9c                _init
 .init          0x0000000008009ba0        0x8 /opt/st/stm32cubeide_1.6.1/plugins/com.st.stm32cube.ide.mcu.externaltools.gnu-tools-for-stm32.9-2020-q2-update.linux64_1.5.0.202011040924/tools/bin/../lib/gcc/arm-none-eabi/9.3.1/thumb/v7e-m+fp/hard/crtn.o
 *(.fini)
 .fini          0x0000000008009ba8        0x4 /opt/st/stm32cubeide_1.6.1/plugins/com.st.stm32cube.ide.mcu.externaltools.gnu-tools-for-stm32.9-2020-q2-update.linux64_1.5.0.202011040924/tools/bin/../lib/gcc/arm-none-eabi/9.3.1/thumb/v7e-m+fp/hard/crti.o
                0x0000000008009ba8                _fini
 .fini          0x0000000008009bac        0x8 /opt/st/stm32cubeide_1.6.1/plugins/com.st.stm32cube.ide.mcu.externaltools.gnu-tools-for-stm32.9-2020-q2-update.linux64_1.5.0.202011040924/tools/bin/../lib/gcc/arm-none-eabi/9.3.1/thumb/v7e-m+fp/hard/crtn.o
                0x0000000008009bb4                . = ALIGN (0x4)
                0x0000000008009bb4                _etext = .

.vfp11_veneer   0x0000000008009bb4        0x0
 .vfp11_veneer  0x0000000008009bb4        0x0 linker stubs

.v4_bx          0x0000000008009bb4        0x0
 .v4_bx         0x0000000008009bb4        0x0 linker stubs

.iplt           0x0000000008009bb4        0x0
 .iplt          0x0000000008009bb4        0x0 /opt/st/stm32cubeide_1.6.1/plugins/com.st.stm32cube.ide.mcu.externaltools.gnu-tools-for-stm32.9-2020-q2-update.linux64_1.5.0.202011040924/tools/bin/../lib/gcc/arm-none-eabi/9.3.1/thumb/v7e-m+fp/hard/crtbegin.o

.rodata         0x0000000008009bb8      0x2d8
                0x0000000008009bb8                . = ALIGN (0x4)
 *(.rodata)
 .rodata        0x0000000008009bb8       0x8e Core/Src/main.o
 *fill*         0x0000000008009c46        0x2 
 .rodata        0x0000000008009c48        0x5 Middlewares/Third_Party/FreeRTOS/Source/tasks.o
 *fill*         0x0000000008009c4d        0x3 
 .rodata        0x0000000008009c50        0xd Middlewares/Third_Party/FreeRTOS/Source/timers.o
 *(.rodata*)
 *fill*         0x0000000008009c5d        0x3 
 .rodata.controlador_attributes
                0x0000000008009c60       0x24 Core/Src/main.o
                0x0000000008009c60                controlador_attributes
 .rodata.magnetometro_attributes
                0x0000000008009c84       0x24 Core/Src/main.o
                0x0000000008009c84                magnetometro_attributes
 .rodata.servoMotor_attributes
                0x0000000008009ca8       0x24 Core/Src/main.o
                0x0000000008009ca8                servoMotor_attributes
 .rodata.bluetooth_attributes
                0x0000000008009ccc       0x24 Core/Src/main.o
                0x0000000008009ccc                bluetooth_attributes
 .rodata.motorDC_attributes
                0x0000000008009cf0       0x24 Core/Src/main.o
                0x0000000008009cf0                motorDC_attributes
 .rodata.queueMagnetometro_attributes
                0x0000000008009d14       0x18 Core/Src/main.o
                0x0000000008009d14                queueMagnetometro_attributes
 .rodata.queueBluetooth_attributes
                0x0000000008009d2c       0x18 Core/Src/main.o
                0x0000000008009d2c                queueBluetooth_attributes
 .rodata.queueMotorDC_attributes
                0x0000000008009d44       0x18 Core/Src/main.o
                0x0000000008009d44                queueMotorDC_attributes
 .rodata.queueServoMotor_attributes
                0x0000000008009d5c       0x18 Core/Src/main.o
                0x0000000008009d5c                queueServoMotor_attributes
 .rodata.AHBPrescTable
                0x0000000008009d74       0x10 Core/Src/system_stm32f4xx.o
                0x0000000008009d74                AHBPrescTable
 .rodata.APBPrescTable
                0x0000000008009d84        0x8 Core/Src/system_stm32f4xx.o
                0x0000000008009d84                APBPrescTable
 .rodata.__sf_fake_stderr
                0x0000000008009d8c       0x20 /opt/st/stm32cubeide_1.6.1/plugins/com.st.stm32cube.ide.mcu.externaltools.gnu-tools-for-stm32.9-2020-q2-update.linux64_1.5.0.202011040924/tools/bin/../lib/gcc/arm-none-eabi/9.3.1/../../../../arm-none-eabi/lib/thumb/v7e-m+fp/hard/libc_nano.a(lib_a-findfp.o)
                0x0000000008009d8c                __sf_fake_stderr
 .rodata.__sf_fake_stdin
                0x0000000008009dac       0x20 /opt/st/stm32cubeide_1.6.1/plugins/com.st.stm32cube.ide.mcu.externaltools.gnu-tools-for-stm32.9-2020-q2-update.linux64_1.5.0.202011040924/tools/bin/../lib/gcc/arm-none-eabi/9.3.1/../../../../arm-none-eabi/lib/thumb/v7e-m+fp/hard/libc_nano.a(lib_a-findfp.o)
                0x0000000008009dac                __sf_fake_stdin
 .rodata.__sf_fake_stdout
                0x0000000008009dcc       0x20 /opt/st/stm32cubeide_1.6.1/plugins/com.st.stm32cube.ide.mcu.externaltools.gnu-tools-for-stm32.9-2020-q2-update.linux64_1.5.0.202011040924/tools/bin/../lib/gcc/arm-none-eabi/9.3.1/../../../../arm-none-eabi/lib/thumb/v7e-m+fp/hard/libc_nano.a(lib_a-findfp.o)
                0x0000000008009dcc                __sf_fake_stdout
 .rodata._svfprintf_r.str1.1
                0x0000000008009dec       0x11 /opt/st/stm32cubeide_1.6.1/plugins/com.st.stm32cube.ide.mcu.externaltools.gnu-tools-for-stm32.9-2020-q2-update.linux64_1.5.0.202011040924/tools/bin/../lib/gcc/arm-none-eabi/9.3.1/../../../../arm-none-eabi/lib/thumb/v7e-m+fp/hard/libc_nano.a(lib_a-nano-svfprintf.o)
 .rodata._printf_i.str1.1
                0x0000000008009dfd       0x22 /opt/st/stm32cubeide_1.6.1/plugins/com.st.stm32cube.ide.mcu.externaltools.gnu-tools-for-stm32.9-2020-q2-update.linux64_1.5.0.202011040924/tools/bin/../lib/gcc/arm-none-eabi/9.3.1/../../../../arm-none-eabi/lib/thumb/v7e-m+fp/hard/libc_nano.a(lib_a-nano-vfprintf_i.o)
 *fill*         0x0000000008009e1f        0x1 
 .rodata.CSWTCH.8
                0x0000000008009e20       0x18 /opt/st/stm32cubeide_1.6.1/plugins/com.st.stm32cube.ide.mcu.externaltools.gnu-tools-for-stm32.9-2020-q2-update.linux64_1.5.0.202011040924/tools/bin/../lib/gcc/arm-none-eabi/9.3.1/../../../../arm-none-eabi/lib/thumb/v7e-m+fp/hard/libm.a(lib_a-e_atan2.o)
 .rodata.CSWTCH.9
                0x0000000008009e38       0x18 /opt/st/stm32cubeide_1.6.1/plugins/com.st.stm32cube.ide.mcu.externaltools.gnu-tools-for-stm32.9-2020-q2-update.linux64_1.5.0.202011040924/tools/bin/../lib/gcc/arm-none-eabi/9.3.1/../../../../arm-none-eabi/lib/thumb/v7e-m+fp/hard/libm.a(lib_a-e_atan2.o)
 .rodata.atanhi
                0x0000000008009e50       0x20 /opt/st/stm32cubeide_1.6.1/plugins/com.st.stm32cube.ide.mcu.externaltools.gnu-tools-for-stm32.9-2020-q2-update.linux64_1.5.0.202011040924/tools/bin/../lib/gcc/arm-none-eabi/9.3.1/../../../../arm-none-eabi/lib/thumb/v7e-m+fp/hard/libm.a(lib_a-s_atan.o)
 .rodata.atanlo
                0x0000000008009e70       0x20 /opt/st/stm32cubeide_1.6.1/plugins/com.st.stm32cube.ide.mcu.externaltools.gnu-tools-for-stm32.9-2020-q2-update.linux64_1.5.0.202011040924/tools/bin/../lib/gcc/arm-none-eabi/9.3.1/../../../../arm-none-eabi/lib/thumb/v7e-m+fp/hard/libm.a(lib_a-s_atan.o)
                0x0000000008009e90                . = ALIGN (0x4)

.ARM.extab      0x0000000008009e90        0x0
                0x0000000008009e90                . = ALIGN (0x4)
 *(.ARM.extab* .gnu.linkonce.armextab.*)
                0x0000000008009e90                . = ALIGN (0x4)

.ARM            0x0000000008009e90        0x8
                0x0000000008009e90                . = ALIGN (0x4)
                0x0000000008009e90                __exidx_start = .
 *(.ARM.exidx*)
 .ARM.exidx     0x0000000008009e90        0x8 /opt/st/stm32cubeide_1.6.1/plugins/com.st.stm32cube.ide.mcu.externaltools.gnu-tools-for-stm32.9-2020-q2-update.linux64_1.5.0.202011040924/tools/bin/../lib/gcc/arm-none-eabi/9.3.1/thumb/v7e-m+fp/hard/libgcc.a(_udivmoddi4.o)
                0x0000000008009e98                __exidx_end = .
                0x0000000008009e98                . = ALIGN (0x4)

.rel.dyn        0x0000000008009e98        0x0
 .rel.iplt      0x0000000008009e98        0x0 /opt/st/stm32cubeide_1.6.1/plugins/com.st.stm32cube.ide.mcu.externaltools.gnu-tools-for-stm32.9-2020-q2-update.linux64_1.5.0.202011040924/tools/bin/../lib/gcc/arm-none-eabi/9.3.1/thumb/v7e-m+fp/hard/crtbegin.o

.preinit_array  0x0000000008009e98        0x0
                0x0000000008009e98                . = ALIGN (0x4)
                0x0000000008009e98                PROVIDE (__preinit_array_start = .)
 *(.preinit_array*)
                0x0000000008009e98                PROVIDE (__preinit_array_end = .)
                0x0000000008009e98                . = ALIGN (0x4)

.init_array     0x0000000008009e98        0x4
                0x0000000008009e98                . = ALIGN (0x4)
                0x0000000008009e98                PROVIDE (__init_array_start = .)
 *(SORT_BY_NAME(.init_array.*))
 *(.init_array*)
 .init_array    0x0000000008009e98        0x4 /opt/st/stm32cubeide_1.6.1/plugins/com.st.stm32cube.ide.mcu.externaltools.gnu-tools-for-stm32.9-2020-q2-update.linux64_1.5.0.202011040924/tools/bin/../lib/gcc/arm-none-eabi/9.3.1/thumb/v7e-m+fp/hard/crtbegin.o
                0x0000000008009e9c                PROVIDE (__init_array_end = .)
                0x0000000008009e9c                . = ALIGN (0x4)

.fini_array     0x0000000008009e9c        0x4
                0x0000000008009e9c                . = ALIGN (0x4)
                [!provide]                        PROVIDE (__fini_array_start = .)
 *(SORT_BY_NAME(.fini_array.*))
 *(.fini_array*)
 .fini_array    0x0000000008009e9c        0x4 /opt/st/stm32cubeide_1.6.1/plugins/com.st.stm32cube.ide.mcu.externaltools.gnu-tools-for-stm32.9-2020-q2-update.linux64_1.5.0.202011040924/tools/bin/../lib/gcc/arm-none-eabi/9.3.1/thumb/v7e-m+fp/hard/crtbegin.o
                [!provide]                        PROVIDE (__fini_array_end = .)
                0x0000000008009ea0                . = ALIGN (0x4)
                0x0000000008009ea0                _sidata = LOADADDR (.data)

.data           0x0000000020000000       0x74 load address 0x0000000008009ea0
                0x0000000020000000                . = ALIGN (0x4)
                0x0000000020000000                _sdata = .
 *(.data)
 *(.data*)
 .data.SystemCoreClock
                0x0000000020000000        0x4 Core/Src/system_stm32f4xx.o
                0x0000000020000000                SystemCoreClock
 .data.uwTickPrio
                0x0000000020000004        0x4 Drivers/STM32F4xx_HAL_Driver/Src/stm32f4xx_hal.o
                0x0000000020000004                uwTickPrio
 .data.uwTickFreq
                0x0000000020000008        0x1 Drivers/STM32F4xx_HAL_Driver/Src/stm32f4xx_hal.o
                0x0000000020000008                uwTickFreq
 *fill*         0x0000000020000009        0x3 
 .data.uxCriticalNesting
                0x000000002000000c        0x4 Middlewares/Third_Party/FreeRTOS/Source/portable/GCC/ARM_CM4F/port.o
 .data._impure_ptr
                0x0000000020000010        0x4 /opt/st/stm32cubeide_1.6.1/plugins/com.st.stm32cube.ide.mcu.externaltools.gnu-tools-for-stm32.9-2020-q2-update.linux64_1.5.0.202011040924/tools/bin/../lib/gcc/arm-none-eabi/9.3.1/../../../../arm-none-eabi/lib/thumb/v7e-m+fp/hard/libc_nano.a(lib_a-impure.o)
                0x0000000020000010                _impure_ptr
 .data.impure_data
                0x0000000020000014       0x60 /opt/st/stm32cubeide_1.6.1/plugins/com.st.stm32cube.ide.mcu.externaltools.gnu-tools-for-stm32.9-2020-q2-update.linux64_1.5.0.202011040924/tools/bin/../lib/gcc/arm-none-eabi/9.3.1/../../../../arm-none-eabi/lib/thumb/v7e-m+fp/hard/libc_nano.a(lib_a-impure.o)
 *(.RamFunc)
 *(.RamFunc*)
                0x0000000020000074                . = ALIGN (0x4)
                0x0000000020000074                _edata = .

.igot.plt       0x0000000020000074        0x0 load address 0x0000000008009f14
 .igot.plt      0x0000000020000074        0x0 /opt/st/stm32cubeide_1.6.1/plugins/com.st.stm32cube.ide.mcu.externaltools.gnu-tools-for-stm32.9-2020-q2-update.linux64_1.5.0.202011040924/tools/bin/../lib/gcc/arm-none-eabi/9.3.1/thumb/v7e-m+fp/hard/crtbegin.o
                0x0000000020000074                . = ALIGN (0x4)

.bss            0x0000000020000074     0x4b24 load address 0x0000000008009f14
                0x0000000020000074                _sbss = .
                0x0000000020000074                __bss_start__ = _sbss
 *(.bss)
 .bss           0x0000000020000074       0x1c /opt/st/stm32cubeide_1.6.1/plugins/com.st.stm32cube.ide.mcu.externaltools.gnu-tools-for-stm32.9-2020-q2-update.linux64_1.5.0.202011040924/tools/bin/../lib/gcc/arm-none-eabi/9.3.1/thumb/v7e-m+fp/hard/crtbegin.o
 *(.bss*)
 .bss.__sbrk_heap_end
                0x0000000020000090        0x4 Core/Src/sysmem.o
 .bss.KernelState
                0x0000000020000094        0x4 Middlewares/Third_Party/FreeRTOS/Source/CMSIS_RTOS_V2/cmsis_os2.o
 .bss.Idle_TCB.10415
                0x0000000020000098       0x5c Middlewares/Third_Party/FreeRTOS/Source/CMSIS_RTOS_V2/cmsis_os2.o
 .bss.Idle_Stack.10416
                0x00000000200000f4      0x200 Middlewares/Third_Party/FreeRTOS/Source/CMSIS_RTOS_V2/cmsis_os2.o
 .bss.Timer_TCB.10422
                0x00000000200002f4       0x5c Middlewares/Third_Party/FreeRTOS/Source/CMSIS_RTOS_V2/cmsis_os2.o
 .bss.Timer_Stack.10423
                0x0000000020000350      0x400 Middlewares/Third_Party/FreeRTOS/Source/CMSIS_RTOS_V2/cmsis_os2.o
 .bss.pxCurrentTCB
                0x0000000020000750        0x4 Middlewares/Third_Party/FreeRTOS/Source/tasks.o
                0x0000000020000750                pxCurrentTCB
 .bss.pxReadyTasksLists
                0x0000000020000754      0x460 Middlewares/Third_Party/FreeRTOS/Source/tasks.o
 .bss.xDelayedTaskList1
                0x0000000020000bb4       0x14 Middlewares/Third_Party/FreeRTOS/Source/tasks.o
 .bss.xDelayedTaskList2
                0x0000000020000bc8       0x14 Middlewares/Third_Party/FreeRTOS/Source/tasks.o
 .bss.pxDelayedTaskList
                0x0000000020000bdc        0x4 Middlewares/Third_Party/FreeRTOS/Source/tasks.o
 .bss.pxOverflowDelayedTaskList
                0x0000000020000be0        0x4 Middlewares/Third_Party/FreeRTOS/Source/tasks.o
 .bss.xPendingReadyList
                0x0000000020000be4       0x14 Middlewares/Third_Party/FreeRTOS/Source/tasks.o
 .bss.xTasksWaitingTermination
                0x0000000020000bf8       0x14 Middlewares/Third_Party/FreeRTOS/Source/tasks.o
 .bss.uxDeletedTasksWaitingCleanUp
                0x0000000020000c0c        0x4 Middlewares/Third_Party/FreeRTOS/Source/tasks.o
 .bss.xSuspendedTaskList
                0x0000000020000c10       0x14 Middlewares/Third_Party/FreeRTOS/Source/tasks.o
 .bss.uxCurrentNumberOfTasks
                0x0000000020000c24        0x4 Middlewares/Third_Party/FreeRTOS/Source/tasks.o
 .bss.xTickCount
                0x0000000020000c28        0x4 Middlewares/Third_Party/FreeRTOS/Source/tasks.o
 .bss.uxTopReadyPriority
                0x0000000020000c2c        0x4 Middlewares/Third_Party/FreeRTOS/Source/tasks.o
 .bss.xSchedulerRunning
                0x0000000020000c30        0x4 Middlewares/Third_Party/FreeRTOS/Source/tasks.o
 .bss.xPendedTicks
                0x0000000020000c34        0x4 Middlewares/Third_Party/FreeRTOS/Source/tasks.o
 .bss.xYieldPending
                0x0000000020000c38        0x4 Middlewares/Third_Party/FreeRTOS/Source/tasks.o
 .bss.xNumOfOverflows
                0x0000000020000c3c        0x4 Middlewares/Third_Party/FreeRTOS/Source/tasks.o
 .bss.uxTaskNumber
                0x0000000020000c40        0x4 Middlewares/Third_Party/FreeRTOS/Source/tasks.o
 .bss.xNextTaskUnblockTime
                0x0000000020000c44        0x4 Middlewares/Third_Party/FreeRTOS/Source/tasks.o
 .bss.xIdleTaskHandle
                0x0000000020000c48        0x4 Middlewares/Third_Party/FreeRTOS/Source/tasks.o
 .bss.uxSchedulerSuspended
                0x0000000020000c4c        0x4 Middlewares/Third_Party/FreeRTOS/Source/tasks.o
 .bss.xActiveTimerList1
                0x0000000020000c50       0x14 Middlewares/Third_Party/FreeRTOS/Source/timers.o
 .bss.xActiveTimerList2
                0x0000000020000c64       0x14 Middlewares/Third_Party/FreeRTOS/Source/timers.o
 .bss.pxCurrentTimerList
                0x0000000020000c78        0x4 Middlewares/Third_Party/FreeRTOS/Source/timers.o
 .bss.pxOverflowTimerList
                0x0000000020000c7c        0x4 Middlewares/Third_Party/FreeRTOS/Source/timers.o
 .bss.xTimerQueue
                0x0000000020000c80        0x4 Middlewares/Third_Party/FreeRTOS/Source/timers.o
 .bss.xTimerTaskHandle
                0x0000000020000c84        0x4 Middlewares/Third_Party/FreeRTOS/Source/timers.o
 .bss.xLastTime.6925
                0x0000000020000c88        0x4 Middlewares/Third_Party/FreeRTOS/Source/timers.o
 .bss.ucStaticTimerQueueStorage.6976
                0x0000000020000c8c       0xa0 Middlewares/Third_Party/FreeRTOS/Source/timers.o
 .bss.xStaticTimerQueue.6975
                0x0000000020000d2c       0x50 Middlewares/Third_Party/FreeRTOS/Source/timers.o
 .bss.ucMaxSysCallPriority
                0x0000000020000d7c        0x1 Middlewares/Third_Party/FreeRTOS/Source/portable/GCC/ARM_CM4F/port.o
 *fill*         0x0000000020000d7d        0x3 
 .bss.ulMaxPRIGROUPValue
                0x0000000020000d80        0x4 Middlewares/Third_Party/FreeRTOS/Source/portable/GCC/ARM_CM4F/port.o
 .bss.ucHeap    0x0000000020000d84     0x3c00 Middlewares/Third_Party/FreeRTOS/Source/portable/MemMang/heap_4.o
 .bss.xStart    0x0000000020004984        0x8 Middlewares/Third_Party/FreeRTOS/Source/portable/MemMang/heap_4.o
 .bss.pxEnd     0x000000002000498c        0x4 Middlewares/Third_Party/FreeRTOS/Source/portable/MemMang/heap_4.o
 .bss.xFreeBytesRemaining
                0x0000000020004990        0x4 Middlewares/Third_Party/FreeRTOS/Source/portable/MemMang/heap_4.o
 .bss.xMinimumEverFreeBytesRemaining
                0x0000000020004994        0x4 Middlewares/Third_Party/FreeRTOS/Source/portable/MemMang/heap_4.o
 .bss.xNumberOfSuccessfulAllocations
                0x0000000020004998        0x4 Middlewares/Third_Party/FreeRTOS/Source/portable/MemMang/heap_4.o
 .bss.xNumberOfSuccessfulFrees
                0x000000002000499c        0x4 Middlewares/Third_Party/FreeRTOS/Source/portable/MemMang/heap_4.o
 .bss.xBlockAllocatedBit
                0x00000000200049a0        0x4 Middlewares/Third_Party/FreeRTOS/Source/portable/MemMang/heap_4.o
 .bss.__malloc_free_list
                0x00000000200049a4        0x4 /opt/st/stm32cubeide_1.6.1/plugins/com.st.stm32cube.ide.mcu.externaltools.gnu-tools-for-stm32.9-2020-q2-update.linux64_1.5.0.202011040924/tools/bin/../lib/gcc/arm-none-eabi/9.3.1/../../../../arm-none-eabi/lib/thumb/v7e-m+fp/hard/libc_nano.a(lib_a-nano-mallocr.o)
                0x00000000200049a4                __malloc_free_list
 .bss.__malloc_sbrk_start
                0x00000000200049a8        0x4 /opt/st/stm32cubeide_1.6.1/plugins/com.st.stm32cube.ide.mcu.externaltools.gnu-tools-for-stm32.9-2020-q2-update.linux64_1.5.0.202011040924/tools/bin/../lib/gcc/arm-none-eabi/9.3.1/../../../../arm-none-eabi/lib/thumb/v7e-m+fp/hard/libc_nano.a(lib_a-nano-mallocr.o)
                0x00000000200049a8                __malloc_sbrk_start
 *(COMMON)
 COMMON         0x00000000200049ac      0x150 Core/Src/main.o
                0x00000000200049ac                queueBluetoothHandle
                0x00000000200049b0                htim4
                0x00000000200049f8                huart3
                0x0000000020004a3c                hi2c1
                0x0000000020004a90                grupoEventosBarco
                0x0000000020004a94                controladorHandle
                0x0000000020004a98                queueMotorDCHandle
                0x0000000020004a9c                magnetometroHandle
                0x0000000020004aa0                bluetoothHandle
                0x0000000020004aa4                queueMagnetometroHandle
                0x0000000020004aa8                servoMotorHandle
                0x0000000020004aac                motorDCHandle
                0x0000000020004ab0                htim14
                0x0000000020004af8                queueServoMotorHandle
 COMMON         0x0000000020004afc       0x48 Core/Src/stm32f4xx_hal_timebase_tim.o
                0x0000000020004afc                htim1
 COMMON         0x0000000020004b44        0x4 Drivers/STM32F4xx_HAL_Driver/Src/stm32f4xx_hal.o
                0x0000000020004b44                uwTick
 COMMON         0x0000000020004b48       0x40 Middlewares/Third_Party/FreeRTOS/Source/queue.o
                0x0000000020004b48                xQueueRegistry
 COMMON         0x0000000020004b88        0x9 /opt/st/stm32cubeide_1.6.1/plugins/com.st.stm32cube.ide.mcu.externaltools.gnu-tools-for-stm32.9-2020-q2-update.linux64_1.5.0.202011040924/tools/bin/../lib/gcc/arm-none-eabi/9.3.1/../../../../arm-none-eabi/lib/thumb/v7e-m+fp/hard/libc_nano.a(lib_a-lock.o)
                0x0000000020004b88                __lock___atexit_recursive_mutex
                0x0000000020004b89                __lock___arc4random_mutex
                0x0000000020004b8a                __lock___env_recursive_mutex
                0x0000000020004b8b                __lock___sinit_recursive_mutex
                0x0000000020004b8c                __lock___malloc_recursive_mutex
                0x0000000020004b8d                __lock___at_quick_exit_mutex
                0x0000000020004b8e                __lock___dd_hash_mutex
                0x0000000020004b8f                __lock___tz_mutex
                0x0000000020004b90                __lock___sfp_recursive_mutex
 *fill*         0x0000000020004b91        0x3 
 COMMON         0x0000000020004b94        0x4 /opt/st/stm32cubeide_1.6.1/plugins/com.st.stm32cube.ide.mcu.externaltools.gnu-tools-for-stm32.9-2020-q2-update.linux64_1.5.0.202011040924/tools/bin/../lib/gcc/arm-none-eabi/9.3.1/../../../../arm-none-eabi/lib/thumb/v7e-m+fp/hard/libc_nano.a(lib_a-reent.o)
                0x0000000020004b94                errno
                0x0000000020004b98                . = ALIGN (0x4)
                0x0000000020004b98                _ebss = .
                0x0000000020004b98                __bss_end__ = _ebss

._user_heap_stack
                0x0000000020004b98      0x600 load address 0x0000000008009f14
                0x0000000020004b98                . = ALIGN (0x8)
                [!provide]                        PROVIDE (end = .)
                0x0000000020004b98                PROVIDE (_end = .)
                0x0000000020004d98                . = (. + _Min_Heap_Size)
 *fill*         0x0000000020004b98      0x200 
                0x0000000020005198                . = (. + _Min_Stack_Size)
 *fill*         0x0000000020004d98      0x400 
                0x0000000020005198                . = ALIGN (0x8)

/DISCARD/
 libc.a(*)
 libm.a(*)
 libgcc.a(*)

.ARM.attributes
                0x0000000000000000       0x30
 *(.ARM.attributes)
 .ARM.attributes
                0x0000000000000000       0x1e /opt/st/stm32cubeide_1.6.1/plugins/com.st.stm32cube.ide.mcu.externaltools.gnu-tools-for-stm32.9-2020-q2-update.linux64_1.5.0.202011040924/tools/bin/../lib/gcc/arm-none-eabi/9.3.1/thumb/v7e-m+fp/hard/crti.o
 .ARM.attributes
                0x000000000000001e       0x34 /opt/st/stm32cubeide_1.6.1/plugins/com.st.stm32cube.ide.mcu.externaltools.gnu-tools-for-stm32.9-2020-q2-update.linux64_1.5.0.202011040924/tools/bin/../lib/gcc/arm-none-eabi/9.3.1/thumb/v7e-m+fp/hard/crtbegin.o
 .ARM.attributes
                0x0000000000000052       0x34 Core/Src/L293D.o
 .ARM.attributes
                0x0000000000000086       0x34 Core/Src/MAGNETOMETRO.o
 .ARM.attributes
                0x00000000000000ba       0x34 Core/Src/SERVOMOTOR.o
 .ARM.attributes
                0x00000000000000ee       0x34 Core/Src/main.o
 .ARM.attributes
                0x0000000000000122       0x34 Core/Src/stm32f4xx_hal_msp.o
 .ARM.attributes
                0x0000000000000156       0x34 Core/Src/stm32f4xx_hal_timebase_tim.o
 .ARM.attributes
                0x000000000000018a       0x34 Core/Src/stm32f4xx_it.o
 .ARM.attributes
                0x00000000000001be       0x34 Core/Src/sysmem.o
 .ARM.attributes
                0x00000000000001f2       0x34 Core/Src/system_stm32f4xx.o
 .ARM.attributes
                0x0000000000000226       0x21 Core/Startup/startup_stm32f446retx.o
 .ARM.attributes
                0x0000000000000247       0x34 Drivers/STM32F4xx_HAL_Driver/Src/stm32f4xx_hal.o
 .ARM.attributes
                0x000000000000027b       0x34 Drivers/STM32F4xx_HAL_Driver/Src/stm32f4xx_hal_cortex.o
 .ARM.attributes
                0x00000000000002af       0x34 Drivers/STM32F4xx_HAL_Driver/Src/stm32f4xx_hal_gpio.o
 .ARM.attributes
                0x00000000000002e3       0x34 Drivers/STM32F4xx_HAL_Driver/Src/stm32f4xx_hal_i2c.o
 .ARM.attributes
                0x0000000000000317       0x34 Drivers/STM32F4xx_HAL_Driver/Src/stm32f4xx_hal_rcc.o
 .ARM.attributes
                0x000000000000034b       0x34 Drivers/STM32F4xx_HAL_Driver/Src/stm32f4xx_hal_rcc_ex.o
 .ARM.attributes
                0x000000000000037f       0x34 Drivers/STM32F4xx_HAL_Driver/Src/stm32f4xx_hal_tim.o
 .ARM.attributes
                0x00000000000003b3       0x34 Drivers/STM32F4xx_HAL_Driver/Src/stm32f4xx_hal_tim_ex.o
 .ARM.attributes
                0x00000000000003e7       0x34 Drivers/STM32F4xx_HAL_Driver/Src/stm32f4xx_hal_uart.o
 .ARM.attributes
                0x000000000000041b       0x34 Middlewares/Third_Party/FreeRTOS/Source/CMSIS_RTOS_V2/cmsis_os2.o
 .ARM.attributes
                0x000000000000044f       0x34 Middlewares/Third_Party/FreeRTOS/Source/event_groups.o
 .ARM.attributes
                0x0000000000000483       0x34 Middlewares/Third_Party/FreeRTOS/Source/list.o
 .ARM.attributes
                0x00000000000004b7       0x34 Middlewares/Third_Party/FreeRTOS/Source/queue.o
 .ARM.attributes
                0x00000000000004eb       0x34 Middlewares/Third_Party/FreeRTOS/Source/tasks.o
 .ARM.attributes
                0x000000000000051f       0x34 Middlewares/Third_Party/FreeRTOS/Source/timers.o
 .ARM.attributes
                0x0000000000000553       0x34 Middlewares/Third_Party/FreeRTOS/Source/portable/GCC/ARM_CM4F/port.o
 .ARM.attributes
                0x0000000000000587       0x34 Middlewares/Third_Party/FreeRTOS/Source/portable/MemMang/heap_4.o
 .ARM.attributes
                0x00000000000005bb       0x34 /opt/st/stm32cubeide_1.6.1/plugins/com.st.stm32cube.ide.mcu.externaltools.gnu-tools-for-stm32.9-2020-q2-update.linux64_1.5.0.202011040924/tools/bin/../lib/gcc/arm-none-eabi/9.3.1/../../../../arm-none-eabi/lib/thumb/v7e-m+fp/hard/libc_nano.a(lib_a-errno.o)
 .ARM.attributes
                0x00000000000005ef       0x32 /opt/st/stm32cubeide_1.6.1/plugins/com.st.stm32cube.ide.mcu.externaltools.gnu-tools-for-stm32.9-2020-q2-update.linux64_1.5.0.202011040924/tools/bin/../lib/gcc/arm-none-eabi/9.3.1/../../../../arm-none-eabi/lib/thumb/v7e-m+fp/hard/libc_nano.a(lib_a-impure.o)
 .ARM.attributes
                0x0000000000000621       0x34 /opt/st/stm32cubeide_1.6.1/plugins/com.st.stm32cube.ide.mcu.externaltools.gnu-tools-for-stm32.9-2020-q2-update.linux64_1.5.0.202011040924/tools/bin/../lib/gcc/arm-none-eabi/9.3.1/../../../../arm-none-eabi/lib/thumb/v7e-m+fp/hard/libc_nano.a(lib_a-init.o)
 .ARM.attributes
                0x0000000000000655       0x34 /opt/st/stm32cubeide_1.6.1/plugins/com.st.stm32cube.ide.mcu.externaltools.gnu-tools-for-stm32.9-2020-q2-update.linux64_1.5.0.202011040924/tools/bin/../lib/gcc/arm-none-eabi/9.3.1/../../../../arm-none-eabi/lib/thumb/v7e-m+fp/hard/libc_nano.a(lib_a-memcpy-stub.o)
 .ARM.attributes
                0x0000000000000689       0x34 /opt/st/stm32cubeide_1.6.1/plugins/com.st.stm32cube.ide.mcu.externaltools.gnu-tools-for-stm32.9-2020-q2-update.linux64_1.5.0.202011040924/tools/bin/../lib/gcc/arm-none-eabi/9.3.1/../../../../arm-none-eabi/lib/thumb/v7e-m+fp/hard/libc_nano.a(lib_a-memset.o)
 .ARM.attributes
                0x00000000000006bd       0x34 /opt/st/stm32cubeide_1.6.1/plugins/com.st.stm32cube.ide.mcu.externaltools.gnu-tools-for-stm32.9-2020-q2-update.linux64_1.5.0.202011040924/tools/bin/../lib/gcc/arm-none-eabi/9.3.1/../../../../arm-none-eabi/lib/thumb/v7e-m+fp/hard/libc_nano.a(lib_a-nano-freer.o)
 .ARM.attributes
                0x00000000000006f1       0x34 /opt/st/stm32cubeide_1.6.1/plugins/com.st.stm32cube.ide.mcu.externaltools.gnu-tools-for-stm32.9-2020-q2-update.linux64_1.5.0.202011040924/tools/bin/../lib/gcc/arm-none-eabi/9.3.1/../../../../arm-none-eabi/lib/thumb/v7e-m+fp/hard/libc_nano.a(lib_a-nano-mallocr.o)
 .ARM.attributes
                0x0000000000000725       0x34 /opt/st/stm32cubeide_1.6.1/plugins/com.st.stm32cube.ide.mcu.externaltools.gnu-tools-for-stm32.9-2020-q2-update.linux64_1.5.0.202011040924/tools/bin/../lib/gcc/arm-none-eabi/9.3.1/../../../../arm-none-eabi/lib/thumb/v7e-m+fp/hard/libc_nano.a(lib_a-sbrkr.o)
 .ARM.attributes
                0x0000000000000759       0x34 /opt/st/stm32cubeide_1.6.1/plugins/com.st.stm32cube.ide.mcu.externaltools.gnu-tools-for-stm32.9-2020-q2-update.linux64_1.5.0.202011040924/tools/bin/../lib/gcc/arm-none-eabi/9.3.1/../../../../arm-none-eabi/lib/thumb/v7e-m+fp/hard/libc_nano.a(lib_a-sprintf.o)
 .ARM.attributes
                0x000000000000078d       0x34 /opt/st/stm32cubeide_1.6.1/plugins/com.st.stm32cube.ide.mcu.externaltools.gnu-tools-for-stm32.9-2020-q2-update.linux64_1.5.0.202011040924/tools/bin/../lib/gcc/arm-none-eabi/9.3.1/../../../../arm-none-eabi/lib/thumb/v7e-m+fp/hard/libc_nano.a(lib_a-findfp.o)
 .ARM.attributes
                0x00000000000007c1       0x34 /opt/st/stm32cubeide_1.6.1/plugins/com.st.stm32cube.ide.mcu.externaltools.gnu-tools-for-stm32.9-2020-q2-update.linux64_1.5.0.202011040924/tools/bin/../lib/gcc/arm-none-eabi/9.3.1/../../../../arm-none-eabi/lib/thumb/v7e-m+fp/hard/libc_nano.a(lib_a-lock.o)
 .ARM.attributes
                0x00000000000007f5       0x34 /opt/st/stm32cubeide_1.6.1/plugins/com.st.stm32cube.ide.mcu.externaltools.gnu-tools-for-stm32.9-2020-q2-update.linux64_1.5.0.202011040924/tools/bin/../lib/gcc/arm-none-eabi/9.3.1/../../../../arm-none-eabi/lib/thumb/v7e-m+fp/hard/libc_nano.a(lib_a-mlock.o)
 .ARM.attributes
                0x0000000000000829       0x34 /opt/st/stm32cubeide_1.6.1/plugins/com.st.stm32cube.ide.mcu.externaltools.gnu-tools-for-stm32.9-2020-q2-update.linux64_1.5.0.202011040924/tools/bin/../lib/gcc/arm-none-eabi/9.3.1/../../../../arm-none-eabi/lib/thumb/v7e-m+fp/hard/libc_nano.a(lib_a-nano-svfprintf.o)
 .ARM.attributes
                0x000000000000085d       0x34 /opt/st/stm32cubeide_1.6.1/plugins/com.st.stm32cube.ide.mcu.externaltools.gnu-tools-for-stm32.9-2020-q2-update.linux64_1.5.0.202011040924/tools/bin/../lib/gcc/arm-none-eabi/9.3.1/../../../../arm-none-eabi/lib/thumb/v7e-m+fp/hard/libc_nano.a(lib_a-nano-vfprintf_i.o)
 .ARM.attributes
                0x0000000000000891       0x34 /opt/st/stm32cubeide_1.6.1/plugins/com.st.stm32cube.ide.mcu.externaltools.gnu-tools-for-stm32.9-2020-q2-update.linux64_1.5.0.202011040924/tools/bin/../lib/gcc/arm-none-eabi/9.3.1/../../../../arm-none-eabi/lib/thumb/v7e-m+fp/hard/libc_nano.a(lib_a-reent.o)
 .ARM.attributes
                0x00000000000008c5       0x1c /opt/st/stm32cubeide_1.6.1/plugins/com.st.stm32cube.ide.mcu.externaltools.gnu-tools-for-stm32.9-2020-q2-update.linux64_1.5.0.202011040924/tools/bin/../lib/gcc/arm-none-eabi/9.3.1/../../../../arm-none-eabi/lib/thumb/v7e-m+fp/hard/libc_nano.a(lib_a-memchr.o)
 .ARM.attributes
                0x00000000000008e1       0x34 /opt/st/stm32cubeide_1.6.1/plugins/com.st.stm32cube.ide.mcu.externaltools.gnu-tools-for-stm32.9-2020-q2-update.linux64_1.5.0.202011040924/tools/bin/../lib/gcc/arm-none-eabi/9.3.1/../../../../arm-none-eabi/lib/thumb/v7e-m+fp/hard/libc_nano.a(lib_a-memmove.o)
 .ARM.attributes
                0x0000000000000915       0x34 /opt/st/stm32cubeide_1.6.1/plugins/com.st.stm32cube.ide.mcu.externaltools.gnu-tools-for-stm32.9-2020-q2-update.linux64_1.5.0.202011040924/tools/bin/../lib/gcc/arm-none-eabi/9.3.1/../../../../arm-none-eabi/lib/thumb/v7e-m+fp/hard/libc_nano.a(lib_a-nano-reallocr.o)
 .ARM.attributes